Archive member included to satisfy reference by file (symbol)

c:/st/stm32cubeide_1.11.0/stm32cubeide/plugins/com.st.stm32cube.ide.mcu.externaltools.gnu-tools-for-stm32.10.3-2021.10.win32_1.0.200.202301161003/tools/bin/../lib/gcc/arm-none-eabi/10.3.1/../../../../arm-none-eabi/lib/thumb/v7-m/nofp\libc_nano.a(lib_a-assert.o)
                              ./Core/Src/spi.o (__assert_func)
c:/st/stm32cubeide_1.11.0/stm32cubeide/plugins/com.st.stm32cube.ide.mcu.externaltools.gnu-tools-for-stm32.10.3-2021.10.win32_1.0.200.202301161003/tools/bin/../lib/gcc/arm-none-eabi/10.3.1/../../../../arm-none-eabi/lib/thumb/v7-m/nofp\libc_nano.a(lib_a-errno.o)
                              ./Core/Src/syscalls.o (__errno)
c:/st/stm32cubeide_1.11.0/stm32cubeide/plugins/com.st.stm32cube.ide.mcu.externaltools.gnu-tools-for-stm32.10.3-2021.10.win32_1.0.200.202301161003/tools/bin/../lib/gcc/arm-none-eabi/10.3.1/../../../../arm-none-eabi/lib/thumb/v7-m/nofp\libc_nano.a(lib_a-exit.o)
                              c:/st/stm32cubeide_1.11.0/stm32cubeide/plugins/com.st.stm32cube.ide.mcu.externaltools.gnu-tools-for-stm32.10.3-2021.10.win32_1.0.200.202301161003/tools/bin/../lib/gcc/arm-none-eabi/10.3.1/../../../../arm-none-eabi/lib/thumb/v7-m/nofp/crt0.o (exit)
c:/st/stm32cubeide_1.11.0/stm32cubeide/plugins/com.st.stm32cube.ide.mcu.externaltools.gnu-tools-for-stm32.10.3-2021.10.win32_1.0.200.202301161003/tools/bin/../lib/gcc/arm-none-eabi/10.3.1/../../../../arm-none-eabi/lib/thumb/v7-m/nofp\libc_nano.a(lib_a-fprintf.o)
                              c:/st/stm32cubeide_1.11.0/stm32cubeide/plugins/com.st.stm32cube.ide.mcu.externaltools.gnu-tools-for-stm32.10.3-2021.10.win32_1.0.200.202301161003/tools/bin/../lib/gcc/arm-none-eabi/10.3.1/../../../../arm-none-eabi/lib/thumb/v7-m/nofp\libc_nano.a(lib_a-assert.o) (fiprintf)
c:/st/stm32cubeide_1.11.0/stm32cubeide/plugins/com.st.stm32cube.ide.mcu.externaltools.gnu-tools-for-stm32.10.3-2021.10.win32_1.0.200.202301161003/tools/bin/../lib/gcc/arm-none-eabi/10.3.1/../../../../arm-none-eabi/lib/thumb/v7-m/nofp\libc_nano.a(lib_a-impure.o)
                              c:/st/stm32cubeide_1.11.0/stm32cubeide/plugins/com.st.stm32cube.ide.mcu.externaltools.gnu-tools-for-stm32.10.3-2021.10.win32_1.0.200.202301161003/tools/bin/../lib/gcc/arm-none-eabi/10.3.1/../../../../arm-none-eabi/lib/thumb/v7-m/nofp\libc_nano.a(lib_a-exit.o) (_global_impure_ptr)
c:/st/stm32cubeide_1.11.0/stm32cubeide/plugins/com.st.stm32cube.ide.mcu.externaltools.gnu-tools-for-stm32.10.3-2021.10.win32_1.0.200.202301161003/tools/bin/../lib/gcc/arm-none-eabi/10.3.1/../../../../arm-none-eabi/lib/thumb/v7-m/nofp\libc_nano.a(lib_a-init.o)
                              c:/st/stm32cubeide_1.11.0/stm32cubeide/plugins/com.st.stm32cube.ide.mcu.externaltools.gnu-tools-for-stm32.10.3-2021.10.win32_1.0.200.202301161003/tools/bin/../lib/gcc/arm-none-eabi/10.3.1/../../../../arm-none-eabi/lib/thumb/v7-m/nofp/crt0.o (__libc_init_array)
c:/st/stm32cubeide_1.11.0/stm32cubeide/plugins/com.st.stm32cube.ide.mcu.externaltools.gnu-tools-for-stm32.10.3-2021.10.win32_1.0.200.202301161003/tools/bin/../lib/gcc/arm-none-eabi/10.3.1/../../../../arm-none-eabi/lib/thumb/v7-m/nofp\libc_nano.a(lib_a-memset.o)
                              c:/st/stm32cubeide_1.11.0/stm32cubeide/plugins/com.st.stm32cube.ide.mcu.externaltools.gnu-tools-for-stm32.10.3-2021.10.win32_1.0.200.202301161003/tools/bin/../lib/gcc/arm-none-eabi/10.3.1/../../../../arm-none-eabi/lib/thumb/v7-m/nofp/crt0.o (memset)
c:/st/stm32cubeide_1.11.0/stm32cubeide/plugins/com.st.stm32cube.ide.mcu.externaltools.gnu-tools-for-stm32.10.3-2021.10.win32_1.0.200.202301161003/tools/bin/../lib/gcc/arm-none-eabi/10.3.1/../../../../arm-none-eabi/lib/thumb/v7-m/nofp\libc_nano.a(lib_a-nano-vfprintf.o)
                              c:/st/stm32cubeide_1.11.0/stm32cubeide/plugins/com.st.stm32cube.ide.mcu.externaltools.gnu-tools-for-stm32.10.3-2021.10.win32_1.0.200.202301161003/tools/bin/../lib/gcc/arm-none-eabi/10.3.1/../../../../arm-none-eabi/lib/thumb/v7-m/nofp\libc_nano.a(lib_a-fprintf.o) (_vfprintf_r)
c:/st/stm32cubeide_1.11.0/stm32cubeide/plugins/com.st.stm32cube.ide.mcu.externaltools.gnu-tools-for-stm32.10.3-2021.10.win32_1.0.200.202301161003/tools/bin/../lib/gcc/arm-none-eabi/10.3.1/../../../../arm-none-eabi/lib/thumb/v7-m/nofp\libc_nano.a(lib_a-nano-vfprintf_i.o)
                              c:/st/stm32cubeide_1.11.0/stm32cubeide/plugins/com.st.stm32cube.ide.mcu.externaltools.gnu-tools-for-stm32.10.3-2021.10.win32_1.0.200.202301161003/tools/bin/../lib/gcc/arm-none-eabi/10.3.1/../../../../arm-none-eabi/lib/thumb/v7-m/nofp\libc_nano.a(lib_a-nano-vfprintf.o) (_printf_i)
c:/st/stm32cubeide_1.11.0/stm32cubeide/plugins/com.st.stm32cube.ide.mcu.externaltools.gnu-tools-for-stm32.10.3-2021.10.win32_1.0.200.202301161003/tools/bin/../lib/gcc/arm-none-eabi/10.3.1/../../../../arm-none-eabi/lib/thumb/v7-m/nofp\libc_nano.a(lib_a-wbuf.o)
[...]
Memory Configuration

Name             Origin             Length             Attributes
RAM              0x0000000020000000 0x0000000000005000 xrw
FLASH            0x0000000008000000 0x0000000000010000 xr
*default*        0x0000000000000000 0xffffffffffffffff

Linker script and memory map

LOAD c:/st/stm32cubeide_1.11.0/stm32cubeide/plugins/com.st.stm32cube.ide.mcu.externaltools.gnu-tools-for-stm32.10.3-2021.10.win32_1.0.200.202301161003/tools/bin/../lib/gcc/arm-none-eabi/10.3.1/thumb/v7-m/nofp/crti.o
LOAD c:/st/stm32cubeide_1.11.0/stm32cubeide/plugins/com.st.stm32cube.ide.mcu.externaltools.gnu-tools-for-stm32.10.3-2021.10.win32_1.0.200.202301161003/tools/bin/../lib/gcc/arm-none-eabi/10.3.1/thumb/v7-m/nofp/crtbegin.o
LOAD c:/st/stm32cubeide_1.11.0/stm32cubeide/plugins/com.st.stm32cube.ide.mcu.externaltools.gnu-tools-for-stm32.10.3-2021.10.win32_1.0.200.202301161003/tools/bin/../lib/gcc/arm-none-eabi/10.3.1/../../../../arm-none-eabi/lib/thumb/v7-m/nofp/crt0.o
LOAD ./Core/Src/adc.o
LOAD ./Core/Src/can.o
LOAD ./Core/Src/current.o
LOAD ./Core/Src/dma.o
LOAD ./Core/Src/encoder.o
LOAD ./Core/Src/gpio.o
LOAD ./Core/Src/led.o
LOAD ./Core/Src/main.o
LOAD ./Core/Src/motor_control.o
LOAD ./Core/Src/spi.o
LOAD ./Core/Src/stm32f1xx_hal_msp.o
LOAD ./Core/Src/stm32f1xx_it.o
LOAD ./Core/Src/syscalls.o
LOAD ./Core/Src/sysmem.o
LOAD ./Core/Src/system_stm32f1xx.o
LOAD ./Core/Src/tim.o
LOAD ./Core/Startup/startup_stm32f103c8tx.o
LOAD ./Drivers/STM32F1xx_HAL_Driver/Src/stm32f1xx_hal.o
LOAD ./Drivers/STM32F1xx_HAL_Driver/Src/stm32f1xx_hal_adc.o
LOAD ./Drivers/STM32F1xx_HAL_Driver/Src/stm32f1xx_hal_adc_ex.o
LOAD ./Drivers/STM32F1xx_HAL_Driver/Src/stm32f1xx_hal_can.o
LOAD ./Drivers/STM32F1xx_HAL_Driver/Src/stm32f1xx_hal_cortex.o
LOAD ./Drivers/STM32F1xx_HAL_Driver/Src/stm32f1xx_hal_dma.o
LOAD ./Drivers/STM32F1xx_HAL_Driver/Src/stm32f1xx_hal_exti.o
LOAD ./Drivers/STM32F1xx_HAL_Driver/Src/stm32f1xx_hal_flash.o
LOAD ./Drivers/STM32F1xx_HAL_Driver/Src/stm32f1xx_hal_flash_ex.o
LOAD ./Drivers/STM32F1xx_HAL_Driver/Src/stm32f1xx_hal_gpio.o
LOAD ./Drivers/STM32F1xx_HAL_Driver/Src/stm32f1xx_hal_gpio_ex.o
LOAD ./Drivers/STM32F1xx_HAL_Driver/Src/stm32f1xx_hal_pwr.o
LOAD ./Drivers/STM32F1xx_HAL_Driver/Src/stm32f1xx_hal_rcc.o
LOAD ./Drivers/STM32F1xx_HAL_Driver/Src/stm32f1xx_hal_rcc_ex.o
LOAD ./Drivers/STM32F1xx_HAL_Driver/Src/stm32f1xx_hal_spi.o
LOAD ./Drivers/STM32F1xx_HAL_Driver/Src/stm32f1xx_hal_tim.o
LOAD ./Drivers/STM32F1xx_HAL_Driver/Src/stm32f1xx_hal_tim_ex.o
START GROUP
LOAD c:/st/stm32cubeide_1.11.0/stm32cubeide/plugins/com.st.stm32cube.ide.mcu.externaltools.gnu-tools-for-stm32.10.3-2021.10.win32_1.0.200.202301161003/tools/bin/../lib/gcc/arm-none-eabi/10.3.1/../../../../arm-none-eabi/lib/thumb/v7-m/nofp\libstdc++_nano.a
LOAD c:/st/stm32cubeide_1.11.0/stm32cubeide/plugins/com.st.stm32cube.ide.mcu.externaltools.gnu-tools-for-stm32.10.3-2021.10.win32_1.0.200.202301161003/tools/bin/../lib/gcc/arm-none-eabi/10.3.1/../../../../arm-none-eabi/lib/thumb/v7-m/nofp\libsupc++_nano.a
END GROUP
LOAD c:/st/stm32cubeide_1.11.0/stm32cubeide/plugins/com.st.stm32cube.ide.mcu.externaltools.gnu-tools-for-stm32.10.3-2021.10.win32_1.0.200.202301161003/tools/bin/../lib/gcc/arm-none-eabi/10.3.1/../../../../arm-none-eabi/lib/thumb/v7-m/nofp\libstdc++_nano.a
LOAD c:/st/stm32cubeide_1.11.0/stm32cubeide/plugins/com.st.stm32cube.ide.mcu.externaltools.gnu-tools-for-stm32.10.3-2021.10.win32_1.0.200.202301161003/tools/bin/../lib/gcc/arm-none-eabi/10.3.1/../../../../arm-none-eabi/lib/thumb/v7-m/nofp\libm.a
LOAD c:/st/stm32cubeide_1.11.0/stm32cubeide/plugins/com.st.stm32cube.ide.mcu.externaltools.gnu-tools-for-stm32.10.3-2021.10.win32_1.0.200.202301161003/tools/bin/../lib/gcc/arm-none-eabi/10.3.1/../../../../arm-none-eabi/lib/thumb/v7-m/nofp\libc_nano.a
START GROUP
LOAD c:/st/stm32cubeide_1.11.0/stm32cubeide/plugins/com.st.stm32cube.ide.mcu.externaltools.gnu-tools-for-stm32.10.3-2021.10.win32_1.0.200.202301161003/tools/bin/../lib/gcc/arm-none-eabi/10.3.1/thumb/v7-m/nofp\libgcc.a
LOAD c:/st/stm32cubeide_1.11.0/stm32cubeide/plugins/com.st.stm32cube.ide.mcu.externaltools.gnu-tools-for-stm32.10.3-2021.10.win32_1.0.200.202301161003/tools/bin/../lib/gcc/arm-none-eabi/10.3.1/../../../../arm-none-eabi/lib/thumb/v7-m/nofp\libc_nano.a
END GROUP
START GROUP
LOAD c:/st/stm32cubeide_1.11.0/stm32cubeide/plugins/com.st.stm32cube.ide.mcu.externaltools.gnu-tools-for-stm32.10.3-2021.10.win32_1.0.200.202301161003/tools/bin/../lib/gcc/arm-none-eabi/10.3.1/thumb/v7-m/nofp\libgcc.a
LOAD c:/st/stm32cubeide_1.11.0/stm32cubeide/plugins/com.st.stm32cube.ide.mcu.externaltools.gnu-tools-for-stm32.10.3-2021.10.win32_1.0.200.202301161003/tools/bin/../lib/gcc/arm-none-eabi/10.3.1/../../../../arm-none-eabi/lib/thumb/v7-m/nofp\libc_nano.a
LOAD c:/st/stm32cubeide_1.11.0/stm32cubeide/plugins/com.st.stm32cube.ide.mcu.externaltools.gnu-tools-for-stm32.10.3-2021.10.win32_1.0.200.202301161003/tools/bin/../lib/gcc/arm-none-eabi/10.3.1/../../../../arm-none-eabi/lib/thumb/v7-m/nofp\libnosys.a
END GROUP
START GROUP
LOAD c:/st/stm32cubeide_1.11.0/stm32cubeide/plugins/com.st.stm32cube.ide.mcu.externaltools.gnu-tools-for-stm32.10.3-2021.10.win32_1.0.200.202301161003/tools/bin/../lib/gcc/arm-none-eabi/10.3.1/thumb/v7-m/nofp\libgcc.a
LOAD c:/st/stm32cubeide_1.11.0/stm32cubeide/plugins/com.st.stm32cube.ide.mcu.externaltools.gnu-tools-for-stm32.10.3-2021.10.win32_1.0.200.202301161003/tools/bin/../lib/gcc/arm-none-eabi/10.3.1/../../../../arm-none-eabi/lib/thumb/v7-m/nofp\libc_nano.a
LOAD c:/st/stm32cubeide_1.11.0/stm32cubeide/plugins/com.st.stm32cube.ide.mcu.externaltools.gnu-tools-for-stm32.10.3-2021.10.win32_1.0.200.202301161003/tools/bin/../lib/gcc/arm-none-eabi/10.3.1/../../../../arm-none-eabi/lib/thumb/v7-m/nofp\libnosys.a
END GROUP
LOAD c:/st/stm32cubeide_1.11.0/stm32cubeide/plugins/com.st.stm32cube.ide.mcu.externaltools.gnu-tools-for-stm32.10.3-2021.10.win32_1.0.200.202301161003/tools/bin/../lib/gcc/arm-none-eabi/10.3.1/thumb/v7-m/nofp/crtend.o
LOAD c:/st/stm32cubeide_1.11.0/stm32cubeide/plugins/com.st.stm32cube.ide.mcu.externaltools.gnu-tools-for-stm32.10.3-2021.10.win32_1.0.200.202301161003/tools/bin/../lib/gcc/arm-none-eabi/10.3.1/thumb/v7-m/nofp/crtn.o
                0x0000000020005000                _estack = (ORIGIN (RAM) + LENGTH (RAM))
                0x0000000000000200                _Min_Heap_Size = 0x200
                0x0000000000000400                _Min_Stack_Size = 0x400

.isr_vector     0x0000000008000000      0x10c
                0x0000000008000000                . = ALIGN (0x4)
 *(.isr_vector)
 .isr_vector    0x0000000008000000      0x10c ./Core/Startup/startup_stm32f103c8tx.o
                0x0000000008000000                g_pfnVectors
                0x000000000800010c                . = ALIGN (0x4)

.text           0x000000000800010c     0x42e4
                0x000000000800010c                . = ALIGN (0x4)
 *(.text)
 .text          0x000000000800010c       0x40 c:/st/stm32cubeide_1.11.0/stm32cubeide/plugins/com.st.stm32cube.ide.mcu.externaltools.gnu-tools-for-stm32.10.3-2021.10.win32_1.0.200.202301161003/tools/bin/../lib/gcc/arm-none-eabi/10.3.1/thumb/v7-m/nofp/crtbegin.o
 .text          0x000000000800014c      0x21c c:/st/stm32cubeide_1.11.0/stm32cubeide/plugins/com.st.stm32cube.ide.mcu.externaltools.gnu-tools-for-stm32.10.3-2021.10.win32_1.0.200.202301161003/tools/bin/../lib/gcc/arm-none-eabi/10.3.1/thumb/v7-m/nofp\libgcc.a(_arm_addsubsf3.o)
                0x000000000800014c                __aeabi_frsub
                0x0000000008000154                __subsf3
                0x0000000008000154                __aeabi_fsub
                0x0000000008000158                __aeabi_fadd
                0x0000000008000158                __addsf3
                0x00000000080002b8                __aeabi_ui2f
                0x00000000080002b8                __floatunsisf
                0x00000000080002c0                __aeabi_i2f
                0x00000000080002c0                __floatsisf
                0x00000000080002dc                __aeabi_ul2f
                0x00000000080002dc                __floatundisf
                0x00000000080002ec                __aeabi_l2f
                0x00000000080002ec                __floatdisf
 .text          0x0000000008000368      0x2a0 c:/st/stm32cubeide_1.11.0/stm32cubeide/plugins/com.st.stm32cube.ide.mcu.externaltools.gnu-tools-for-stm32.10.3-2021.10.win32_1.0.200.202301161003/tools/bin/../lib/gcc/arm-none-eabi/10.3.1/thumb/v7-m/nofp\libgcc.a(_arm_muldivsf3.o)
                0x0000000008000368                __mulsf3
                0x0000000008000368                __aeabi_fmul
                0x00000000080004d0                __aeabi_fdiv
                0x00000000080004d0                __divsf3
 .text          0x0000000008000608       0xec c:/st/stm32cubeide_1.11.0/stm32cubeide/plugins/com.st.stm32cube.ide.mcu.externaltools.gnu-tools-for-stm32.10.3-2021.10.win32_1.0.200.202301161003/tools/bin/../lib/gcc/arm-none-eabi/10.3.1/thumb/v7-m/nofp\libgcc.a(_arm_cmpsf2.o)
                0x0000000008000608                __gesf2
                0x0000000008000608                __gtsf2
                0x0000000008000610                __lesf2
                0x0000000008000610                __ltsf2
                0x0000000008000618                __nesf2
                0x0000000008000618                __eqsf2
                0x0000000008000618                __cmpsf2
                0x0000000008000678                __aeabi_cfrcmple
                0x0000000008000680                __aeabi_cfcmpeq
                0x0000000008000680                __aeabi_cfcmple
                0x0000000008000690                __aeabi_fcmpeq
                0x00000000080006a4                __aeabi_fcmplt
                0x00000000080006b8                __aeabi_fcmple
                0x00000000080006cc                __aeabi_fcmpge
                0x00000000080006e0                __aeabi_fcmpgt
 .text          0x00000000080006f4       0x4c c:/st/stm32cubeide_1.11.0/stm32cubeide/plugins/com.st.stm32cube.ide.mcu.externaltools.gnu-tools-for-stm32.10.3-2021.10.win32_1.0.200.202301161003/tools/bin/../lib/gcc/arm-none-eabi/10.3.1/thumb/v7-m/nofp\libgcc.a(_arm_fixsfsi.o)
                0x00000000080006f4                __aeabi_f2iz
                0x00000000080006f4                __fixsfsi
 *(.text*)
 .text.MX_ADC1_Init
                0x0000000008000740       0x7c ./Core/Src/adc.o
                0x0000000008000740                MX_ADC1_Init
 .text.HAL_ADC_MspInit
                0x00000000080007bc       0xd0 ./Core/Src/adc.o
                0x00000000080007bc                HAL_ADC_MspInit
 .text.MX_CAN_Init
                0x000000000800088c       0x6c ./Core/Src/can.o
                0x000000000800088c                MX_CAN_Init
 .text.HAL_CAN_MspInit
                0x00000000080008f8       0xa8 ./Core/Src/can.o
                0x00000000080008f8                HAL_CAN_MspInit
 .text.GetLawCurrent
                0x00000000080009a0       0x18 ./Core/Src/current.o
                0x00000000080009a0                GetLawCurrent
 .text.MX_DMA_Init
                0x00000000080009b8       0x3c ./Core/Src/dma.o
                0x00000000080009b8                MX_DMA_Init
 .text.EncoderOverflowCallback
                0x00000000080009f4       0x44 ./Core/Src/encoder.o
                0x00000000080009f4                EncoderOverflowCallback
 .text.GetPosition
                0x0000000008000a38       0x28 ./Core/Src/encoder.o
                0x0000000008000a38                GetPosition
 .text.MX_GPIO_Init
                0x0000000008000a60       0xe4 ./Core/Src/gpio.o
                0x0000000008000a60                MX_GPIO_Init
 .text.led_on   0x0000000008000b44       0x58 ./Core/Src/led.o
                0x0000000008000b44                led_on
 .text.led_process
                0x0000000008000b9c       0x7c ./Core/Src/led.o
                0x0000000008000b9c                led_process
 .text.main     0x0000000008000c18       0x40 ./Core/Src/main.o
                0x0000000008000c18                main
 .text.SystemClock_Config
                0x0000000008000c58       0xb6 ./Core/Src/main.o
                0x0000000008000c58                SystemClock_Config
 .text.Error_Handler
                0x0000000008000d0e        0xa ./Core/Src/main.o
                0x0000000008000d0e                Error_Handler
 .text.PID_Update
                0x0000000008000d18      0x110 ./Core/Src/motor_control.o
                0x0000000008000d18                PID_Update
 .text.MotorControlUpdate
                0x0000000008000e28       0x8c ./Core/Src/motor_control.o
                0x0000000008000e28                MotorControlUpdate
 .text.MX_SPI1_Init
                0x0000000008000eb4       0x6c ./Core/Src/spi.o
                0x0000000008000eb4                MX_SPI1_Init
 .text.HAL_SPI_MspInit
                0x0000000008000f20       0x94 ./Core/Src/spi.o
                0x0000000008000f20                HAL_SPI_MspInit
 .text.HAL_MspInit
                0x0000000008000fb4       0x64 ./Core/Src/stm32f1xx_hal_msp.o
                0x0000000008000fb4                HAL_MspInit
 .text.NMI_Handler
                0x0000000008001018        0x6 ./Core/Src/stm32f1xx_it.o
                0x0000000008001018                NMI_Handler
 .text.HardFault_Handler
                0x000000000800101e        0x6 ./Core/Src/stm32f1xx_it.o
                0x000000000800101e                HardFault_Handler
 .text.MemManage_Handler
                0x0000000008001024        0x6 ./Core/Src/stm32f1xx_it.o
                0x0000000008001024                MemManage_Handler
 .text.BusFault_Handler
                0x000000000800102a        0x6 ./Core/Src/stm32f1xx_it.o
                0x000000000800102a                BusFault_Handler
 .text.UsageFault_Handler
                0x0000000008001030        0x6 ./Core/Src/stm32f1xx_it.o
                0x0000000008001030                UsageFault_Handler
 .text.SVC_Handler
                0x0000000008001036        0xc ./Core/Src/stm32f1xx_it.o
                0x0000000008001036                SVC_Handler
 .text.DebugMon_Handler
                0x0000000008001042        0xc ./Core/Src/stm32f1xx_it.o
                0x0000000008001042                DebugMon_Handler
 .text.PendSV_Handler
                0x000000000800104e        0xc ./Core/Src/stm32f1xx_it.o
                0x000000000800104e                PendSV_Handler
 .text.SysTick_Handler
                0x000000000800105a        0xc ./Core/Src/stm32f1xx_it.o
                0x000000000800105a                SysTick_Handler
 *fill*         0x0000000008001066        0x2 
 .text.DMA1_Channel1_IRQHandler
                0x0000000008001068       0x14 ./Core/Src/stm32f1xx_it.o
                0x0000000008001068                DMA1_Channel1_IRQHandler
 .text.USB_LP_CAN1_RX0_IRQHandler
                0x000000000800107c       0x14 ./Core/Src/stm32f1xx_it.o
                0x000000000800107c                USB_LP_CAN1_RX0_IRQHandler
 .text.TIM2_IRQHandler
                0x0000000008001090       0x14 ./Core/Src/stm32f1xx_it.o
                0x0000000008001090                TIM2_IRQHandler
 .text.TIM3_IRQHandler
                0x00000000080010a4       0x14 ./Core/Src/stm32f1xx_it.o
                0x00000000080010a4                TIM3_IRQHandler
 .text.SystemInit
                0x00000000080010b8        0xc ./Core/Src/system_stm32f1xx.o
                0x00000000080010b8                SystemInit
 .text.MX_TIM1_Init
                0x00000000080010c4      0x140 ./Core/Src/tim.o
                0x00000000080010c4                MX_TIM1_Init
 .text.MX_TIM2_Init
                0x0000000008001204       0xa8 ./Core/Src/tim.o
                0x0000000008001204                MX_TIM2_Init
 .text.MX_TIM3_Init
                0x00000000080012ac       0xe8 ./Core/Src/tim.o
                0x00000000080012ac                MX_TIM3_Init
 .text.HAL_TIM_Base_MspInit
                0x0000000008001394       0x74 ./Core/Src/tim.o
                0x0000000008001394                HAL_TIM_Base_MspInit
 .text.HAL_TIM_Encoder_MspInit
                0x0000000008001408       0xe8 ./Core/Src/tim.o
                0x0000000008001408                HAL_TIM_Encoder_MspInit
 .text.HAL_TIM_MspPostInit
                0x00000000080014f0       0x68 ./Core/Src/tim.o
                0x00000000080014f0                HAL_TIM_MspPostInit
 .text.HAL_TIM_PeriodElapsedCallback
                0x0000000008001558       0x30 ./Core/Src/tim.o
                0x0000000008001558                HAL_TIM_PeriodElapsedCallback
 .text.Reset_Handler
                0x0000000008001588       0x48 ./Core/Startup/startup_stm32f103c8tx.o
                0x0000000008001588                Reset_Handler
 .text.Default_Handler
                0x00000000080015d0        0x2 ./Core/Startup/startup_stm32f103c8tx.o
                0x00000000080015d0                RTC_Alarm_IRQHandler
                0x00000000080015d0                EXTI2_IRQHandler
                0x00000000080015d0                TIM1_CC_IRQHandler
                0x00000000080015d0                PVD_IRQHandler
                0x00000000080015d0                EXTI3_IRQHandler
                0x00000000080015d0                EXTI0_IRQHandler
                0x00000000080015d0                I2C2_EV_IRQHandler
                0x00000000080015d0                ADC1_2_IRQHandler
                0x00000000080015d0                SPI1_IRQHandler
                0x00000000080015d0                TAMPER_IRQHandler
                0x00000000080015d0                DMA1_Channel4_IRQHandler
                0x00000000080015d0                USART3_IRQHandler
                0x00000000080015d0                RTC_IRQHandler
                0x00000000080015d0                DMA1_Channel7_IRQHandler
                0x00000000080015d0                CAN1_RX1_IRQHandler
                0x00000000080015d0                TIM4_IRQHandler
                0x00000000080015d0                I2C1_EV_IRQHandler
                0x00000000080015d0                DMA1_Channel6_IRQHandler
                0x00000000080015d0                RCC_IRQHandler
                0x00000000080015d0                TIM1_TRG_COM_IRQHandler
                0x00000000080015d0                Default_Handler
                0x00000000080015d0                EXTI15_10_IRQHandler
                0x00000000080015d0                EXTI9_5_IRQHandler
                0x00000000080015d0                SPI2_IRQHandler
                0x00000000080015d0                DMA1_Channel5_IRQHandler
                0x00000000080015d0                EXTI4_IRQHandler
                0x00000000080015d0                USB_HP_CAN1_TX_IRQHandler
                0x00000000080015d0                DMA1_Channel3_IRQHandler
                0x00000000080015d0                TIM1_UP_IRQHandler
                0x00000000080015d0                WWDG_IRQHandler
                0x00000000080015d0                TIM1_BRK_IRQHandler
                0x00000000080015d0                EXTI1_IRQHandler
                0x00000000080015d0                USART2_IRQHandler
                0x00000000080015d0                I2C2_ER_IRQHandler
                0x00000000080015d0                DMA1_Channel2_IRQHandler
                0x00000000080015d0                CAN1_SCE_IRQHandler
                0x00000000080015d0                FLASH_IRQHandler
                0x00000000080015d0                USART1_IRQHandler
                0x00000000080015d0                I2C1_ER_IRQHandler
                0x00000000080015d0                USBWakeUp_IRQHandler
 *fill*         0x00000000080015d2        0x2 
 .text.HAL_Init
                0x00000000080015d4       0x2c ./Drivers/STM32F1xx_HAL_Driver/Src/stm32f1xx_hal.o
                0x00000000080015d4                HAL_Init
 .text.HAL_InitTick
                0x0000000008001600       0x60 ./Drivers/STM32F1xx_HAL_Driver/Src/stm32f1xx_hal.o
                0x0000000008001600                HAL_InitTick
 .text.HAL_IncTick
                0x0000000008001660       0x24 ./Drivers/STM32F1xx_HAL_Driver/Src/stm32f1xx_hal.o
                0x0000000008001660                HAL_IncTick
 .text.HAL_GetTick
                0x0000000008001684       0x14 ./Drivers/STM32F1xx_HAL_Driver/Src/stm32f1xx_hal.o
                0x0000000008001684                HAL_GetTick
 .text.HAL_Delay
                0x0000000008001698       0x48 ./Drivers/STM32F1xx_HAL_Driver/Src/stm32f1xx_hal.o
                0x0000000008001698                HAL_Delay
 .text.HAL_ADC_Init
                0x00000000080016e0      0x1b0 ./Drivers/STM32F1xx_HAL_Driver/Src/stm32f1xx_hal_adc.o
                0x00000000080016e0                HAL_ADC_Init
 .text.HAL_ADC_ConfigChannel
                0x0000000008001890      0x1f0 ./Drivers/STM32F1xx_HAL_Driver/Src/stm32f1xx_hal_adc.o
                0x0000000008001890                HAL_ADC_ConfigChannel
 .text.ADC_ConversionStop_Disable
                0x0000000008001a80       0x82 ./Drivers/STM32F1xx_HAL_Driver/Src/stm32f1xx_hal_adc.o
                0x0000000008001a80                ADC_ConversionStop_Disable
 .text.HAL_CAN_Init
                0x0000000008001b02      0x1f6 ./Drivers/STM32F1xx_HAL_Driver/Src/stm32f1xx_hal_can.o
                0x0000000008001b02                HAL_CAN_Init
 .text.HAL_CAN_IRQHandler
                0x0000000008001cf8      0x36e ./Drivers/STM32F1xx_HAL_Driver/Src/stm32f1xx_hal_can.o
                0x0000000008001cf8                HAL_CAN_IRQHandler
 .text.HAL_CAN_TxMailbox0CompleteCallback
                0x0000000008002066       0x12 ./Drivers/STM32F1xx_HAL_Driver/Src/stm32f1xx_hal_can.o
                0x0000000008002066                HAL_CAN_TxMailbox0CompleteCallback
 .text.HAL_CAN_TxMailbox1CompleteCallback
                0x0000000008002078       0x12 ./Drivers/STM32F1xx_HAL_Driver/Src/stm32f1xx_hal_can.o
                0x0000000008002078                HAL_CAN_TxMailbox1CompleteCallback
 .text.HAL_CAN_TxMailbox2CompleteCallback
                0x000000000800208a       0x12 ./Drivers/STM32F1xx_HAL_Driver/Src/stm32f1xx_hal_can.o
                0x000000000800208a                HAL_CAN_TxMailbox2CompleteCallback
 .text.HAL_CAN_TxMailbox0AbortCallback
                0x000000000800209c       0x12 ./Drivers/STM32F1xx_HAL_Driver/Src/stm32f1xx_hal_can.o
                0x000000000800209c                HAL_CAN_TxMailbox0AbortCallback
 .text.HAL_CAN_TxMailbox1AbortCallback
                0x00000000080020ae       0x12 ./Drivers/STM32F1xx_HAL_Driver/Src/stm32f1xx_hal_can.o
                0x00000000080020ae                HAL_CAN_TxMailbox1AbortCallback
 .text.HAL_CAN_TxMailbox2AbortCallback
                0x00000000080020c0       0x12 ./Drivers/STM32F1xx_HAL_Driver/Src/stm32f1xx_hal_can.o
                0x00000000080020c0                HAL_CAN_TxMailbox2AbortCallback
 .text.HAL_CAN_RxFifo0MsgPendingCallback
                0x00000000080020d2       0x12 ./Drivers/STM32F1xx_HAL_Driver/Src/stm32f1xx_hal_can.o
                0x00000000080020d2                HAL_CAN_RxFifo0MsgPendingCallback
 .text.HAL_CAN_RxFifo0FullCallback
                0x00000000080020e4       0x12 ./Drivers/STM32F1xx_HAL_Driver/Src/stm32f1xx_hal_can.o
                0x00000000080020e4                HAL_CAN_RxFifo0FullCallback
 .text.HAL_CAN_RxFifo1MsgPendingCallback
                0x00000000080020f6       0x12 ./Drivers/STM32F1xx_HAL_Driver/Src/stm32f1xx_hal_can.o
                0x00000000080020f6                HAL_CAN_RxFifo1MsgPendingCallback
 .text.HAL_CAN_RxFifo1FullCallback
                0x0000000008002108       0x12 ./Drivers/STM32F1xx_HAL_Driver/Src/stm32f1xx_hal_can.o
                0x0000000008002108                HAL_CAN_RxFifo1FullCallback
 .text.HAL_CAN_SleepCallback
                0x000000000800211a       0x12 ./Drivers/STM32F1xx_HAL_Driver/Src/stm32f1xx_hal_can.o
                0x000000000800211a                HAL_CAN_SleepCallback
 .text.HAL_CAN_WakeUpFromRxMsgCallback
                0x000000000800212c       0x12 ./Drivers/STM32F1xx_HAL_Driver/Src/stm32f1xx_hal_can.o
                0x000000000800212c                HAL_CAN_WakeUpFromRxMsgCallback
 .text.HAL_CAN_ErrorCallback
                0x000000000800213e       0x12 ./Drivers/STM32F1xx_HAL_Driver/Src/stm32f1xx_hal_can.o
                0x000000000800213e                HAL_CAN_ErrorCallback
 .text.__NVIC_SetPriorityGrouping
                0x0000000008002150       0x48 ./Drivers/STM32F1xx_HAL_Driver/Src/stm32f1xx_hal_cortex.o
 .text.__NVIC_GetPriorityGrouping
                0x0000000008002198       0x1c ./Drivers/STM32F1xx_HAL_Driver/Src/stm32f1xx_hal_cortex.o
 .text.__NVIC_EnableIRQ
                0x00000000080021b4       0x38 ./Drivers/STM32F1xx_HAL_Driver/Src/stm32f1xx_hal_cortex.o
 .text.__NVIC_SetPriority
                0x00000000080021ec       0x54 ./Drivers/STM32F1xx_HAL_Driver/Src/stm32f1xx_hal_cortex.o
 .text.NVIC_EncodePriority
                0x0000000008002240       0x64 ./Drivers/STM32F1xx_HAL_Driver/Src/stm32f1xx_hal_cortex.o
 .text.SysTick_Config
                0x00000000080022a4       0x44 ./Drivers/STM32F1xx_HAL_Driver/Src/stm32f1xx_hal_cortex.o
 .text.HAL_NVIC_SetPriorityGrouping
                0x00000000080022e8       0x16 ./Drivers/STM32F1xx_HAL_Driver/Src/stm32f1xx_hal_cortex.o
                0x00000000080022e8                HAL_NVIC_SetPriorityGrouping
 .text.HAL_NVIC_SetPriority
                0x00000000080022fe       0x38 ./Drivers/STM32F1xx_HAL_Driver/Src/stm32f1xx_hal_cortex.o
                0x00000000080022fe                HAL_NVIC_SetPriority
 .text.HAL_NVIC_EnableIRQ
                0x0000000008002336       0x1c ./Drivers/STM32F1xx_HAL_Driver/Src/stm32f1xx_hal_cortex.o
                0x0000000008002336                HAL_NVIC_EnableIRQ
 .text.HAL_SYSTICK_Config
                0x0000000008002352       0x18 ./Drivers/STM32F1xx_HAL_Driver/Src/stm32f1xx_hal_cortex.o
                0x0000000008002352                HAL_SYSTICK_Config
 *fill*         0x000000000800236a        0x2 
 .text.HAL_DMA_Init
                0x000000000800236c       0xb4 ./Drivers/STM32F1xx_HAL_Driver/Src/stm32f1xx_hal_dma.o
                0x000000000800236c                HAL_DMA_Init
 .text.HAL_DMA_IRQHandler
                0x0000000008002420      0x20c ./Drivers/STM32F1xx_HAL_Driver/Src/stm32f1xx_hal_dma.o
                0x0000000008002420                HAL_DMA_IRQHandler
 .text.HAL_GPIO_Init
                0x000000000800262c      0x308 ./Drivers/STM32F1xx_HAL_Driver/Src/stm32f1xx_hal_gpio.o
                0x000000000800262c                HAL_GPIO_Init
 .text.HAL_GPIO_WritePin
                0x0000000008002934       0x30 ./Drivers/STM32F1xx_HAL_Driver/Src/stm32f1xx_hal_gpio.o
                0x0000000008002934                HAL_GPIO_WritePin
 .text.HAL_RCC_OscConfig
                0x0000000008002964      0x504 ./Drivers/STM32F1xx_HAL_Driver/Src/stm32f1xx_hal_rcc.o
                0x0000000008002964                HAL_RCC_OscConfig
 .text.HAL_RCC_ClockConfig
                0x0000000008002e68      0x1d4 ./Drivers/STM32F1xx_HAL_Driver/Src/stm32f1xx_hal_rcc.o
                0x0000000008002e68                HAL_RCC_ClockConfig
 .text.HAL_RCC_GetSysClockFreq
                0x000000000800303c       0xa8 ./Drivers/STM32F1xx_HAL_Driver/Src/stm32f1xx_hal_rcc.o
                0x000000000800303c                HAL_RCC_GetSysClockFreq
 .text.RCC_Delay
                0x00000000080030e4       0x3c ./Drivers/STM32F1xx_HAL_Driver/Src/stm32f1xx_hal_rcc.o
 .text.HAL_RCCEx_PeriphCLKConfig
                0x0000000008003120      0x16c ./Drivers/STM32F1xx_HAL_Driver/Src/stm32f1xx_hal_rcc_ex.o
                0x0000000008003120                HAL_RCCEx_PeriphCLKConfig
 .text.HAL_SPI_Init
                0x000000000800328c      0x108 ./Drivers/STM32F1xx_HAL_Driver/Src/stm32f1xx_hal_spi.o
                0x000000000800328c                HAL_SPI_Init
 .text.HAL_TIM_Base_Init
                0x0000000008003394       0x9e ./Drivers/STM32F1xx_HAL_Driver/Src/stm32f1xx_hal_tim.o
                0x0000000008003394                HAL_TIM_Base_Init
 .text.HAL_TIM_OC_Init
                0x0000000008003432       0x9e ./Drivers/STM32F1xx_HAL_Driver/Src/stm32f1xx_hal_tim.o
                0x0000000008003432                HAL_TIM_OC_Init
 .text.HAL_TIM_OC_MspInit
                0x00000000080034d0       0x12 ./Drivers/STM32F1xx_HAL_Driver/Src/stm32f1xx_hal_tim.o
                0x00000000080034d0                HAL_TIM_OC_MspInit
 .text.HAL_TIM_PWM_Init
                0x00000000080034e2       0x9e ./Drivers/STM32F1xx_HAL_Driver/Src/stm32f1xx_hal_tim.o
                0x00000000080034e2                HAL_TIM_PWM_Init
 .text.HAL_TIM_PWM_MspInit
                0x0000000008003580       0x12 ./Drivers/STM32F1xx_HAL_Driver/Src/stm32f1xx_hal_tim.o
                0x0000000008003580                HAL_TIM_PWM_MspInit
 .text.HAL_TIM_Encoder_Init
                0x0000000008003592      0x144 ./Drivers/STM32F1xx_HAL_Driver/Src/stm32f1xx_hal_tim.o
                0x0000000008003592                HAL_TIM_Encoder_Init
 .text.HAL_TIM_IRQHandler
                0x00000000080036d6      0x210 ./Drivers/STM32F1xx_HAL_Driver/Src/stm32f1xx_hal_tim.o
                0x00000000080036d6                HAL_TIM_IRQHandler
 *fill*         0x00000000080038e6        0x2 
 .text.HAL_TIM_OC_ConfigChannel
                0x00000000080038e8       0xb8 ./Drivers/STM32F1xx_HAL_Driver/Src/stm32f1xx_hal_tim.o
                0x00000000080038e8                HAL_TIM_OC_ConfigChannel
 .text.HAL_TIM_PWM_ConfigChannel
                0x00000000080039a0      0x184 ./Drivers/STM32F1xx_HAL_Driver/Src/stm32f1xx_hal_tim.o
                0x00000000080039a0                HAL_TIM_PWM_ConfigChannel
 .text.HAL_TIM_ConfigClockSource
                0x0000000008003b24      0x18e ./Drivers/STM32F1xx_HAL_Driver/Src/stm32f1xx_hal_tim.o
                0x0000000008003b24                HAL_TIM_ConfigClockSource
 .text.HAL_TIM_OC_DelayElapsedCallback
                0x0000000008003cb2       0x12 ./Drivers/STM32F1xx_HAL_Driver/Src/stm32f1xx_hal_tim.o
                0x0000000008003cb2                HAL_TIM_OC_DelayElapsedCallback
 .text.HAL_TIM_IC_CaptureCallback
                0x0000000008003cc4       0x12 ./Drivers/STM32F1xx_HAL_Driver/Src/stm32f1xx_hal_tim.o
                0x0000000008003cc4                HAL_TIM_IC_CaptureCallback
 .text.HAL_TIM_PWM_PulseFinishedCallback
                0x0000000008003cd6       0x12 ./Drivers/STM32F1xx_HAL_Driver/Src/stm32f1xx_hal_tim.o
                0x0000000008003cd6                HAL_TIM_PWM_PulseFinishedCallback
 .text.HAL_TIM_TriggerCallback
                0x0000000008003ce8       0x12 ./Drivers/STM32F1xx_HAL_Driver/Src/stm32f1xx_hal_tim.o
                0x0000000008003ce8                HAL_TIM_TriggerCallback
 *fill*         0x0000000008003cfa        0x2 
 .text.TIM_Base_SetConfig
                0x0000000008003cfc       0xc4 ./Drivers/STM32F1xx_HAL_Driver/Src/stm32f1xx_hal_tim.o
                0x0000000008003cfc                TIM_Base_SetConfig
 .text.TIM_OC1_SetConfig
                0x0000000008003dc0       0xcc ./Drivers/STM32F1xx_HAL_Driver/Src/stm32f1xx_hal_tim.o
 .text.TIM_OC2_SetConfig
                0x0000000008003e8c       0xd4 ./Drivers/STM32F1xx_HAL_Driver/Src/stm32f1xx_hal_tim.o
                0x0000000008003e8c                TIM_OC2_SetConfig
 .text.TIM_OC3_SetConfig
                0x0000000008003f60       0xd4 ./Drivers/STM32F1xx_HAL_Driver/Src/stm32f1xx_hal_tim.o
 .text.TIM_OC4_SetConfig
                0x0000000008004034       0x9c ./Drivers/STM32F1xx_HAL_Driver/Src/stm32f1xx_hal_tim.o
 .text.TIM_TI1_ConfigInputStage
                0x00000000080040d0       0x5c ./Drivers/STM32F1xx_HAL_Driver/Src/stm32f1xx_hal_tim.o
 .text.TIM_TI2_ConfigInputStage
                0x000000000800412c       0x5e ./Drivers/STM32F1xx_HAL_Driver/Src/stm32f1xx_hal_tim.o
 .text.TIM_ITRx_SetConfig
                0x000000000800418a       0x34 ./Drivers/STM32F1xx_HAL_Driver/Src/stm32f1xx_hal_tim.o
 .text.TIM_ETR_SetConfig
                0x00000000080041be       0x3e ./Drivers/STM32F1xx_HAL_Driver/Src/stm32f1xx_hal_tim.o
                0x00000000080041be                TIM_ETR_SetConfig
 .text.HAL_TIMEx_MasterConfigSynchronization
                0x00000000080041fc       0xbc ./Drivers/STM32F1xx_HAL_Driver/Src/stm32f1xx_hal_tim_ex.o
                0x00000000080041fc                HAL_TIMEx_MasterConfigSynchronization
 .text.HAL_TIMEx_ConfigBreakDeadTime
                0x00000000080042b8       0xa2 ./Drivers/STM32F1xx_HAL_Driver/Src/stm32f1xx_hal_tim_ex.o
                0x00000000080042b8                HAL_TIMEx_ConfigBreakDeadTime
 .text.HAL_TIMEx_CommutCallback
                0x000000000800435a       0x12 ./Drivers/STM32F1xx_HAL_Driver/Src/stm32f1xx_hal_tim_ex.o
                0x000000000800435a                HAL_TIMEx_CommutCallback
 .text.HAL_TIMEx_BreakCallback
                0x000000000800436c       0x12 ./Drivers/STM32F1xx_HAL_Driver/Src/stm32f1xx_hal_tim_ex.o
                0x000000000800436c                HAL_TIMEx_BreakCallback
 *fill*         0x000000000800437e        0x2 
 .text.__libc_init_array
                0x0000000008004380       0x48 c:/st/stm32cubeide_1.11.0/stm32cubeide/plugins/com.st.stm32cube.ide.mcu.externaltools.gnu-tools-for-stm32.10.3-2021.10.win32_1.0.200.202301161003/tools/bin/../lib/gcc/arm-none-eabi/10.3.1/../../../../arm-none-eabi/lib/thumb/v7-m/nofp\libc_nano.a(lib_a-init.o)
                0x0000000008004380                __libc_init_array
 .text.memset   0x00000000080043c8       0x10 c:/st/stm32cubeide_1.11.0/stm32cubeide/plugins/com.st.stm32cube.ide.mcu.externaltools.gnu-tools-for-stm32.10.3-2021.10.win32_1.0.200.202301161003/tools/bin/../lib/gcc/arm-none-eabi/10.3.1/../../../../arm-none-eabi/lib/thumb/v7-m/nofp\libc_nano.a(lib_a-memset.o)
                0x00000000080043c8                memset
 *(.glue_7)
 .glue_7        0x00000000080043d8        0x0 linker stubs
 *(.glue_7t)
 .glue_7t       0x00000000080043d8        0x0 linker stubs
 *(.eh_frame)
 .eh_frame      0x00000000080043d8        0x0 c:/st/stm32cubeide_1.11.0/stm32cubeide/plugins/com.st.stm32cube.ide.mcu.externaltools.gnu-tools-for-stm32.10.3-2021.10.win32_1.0.200.202301161003/tools/bin/../lib/gcc/arm-none-eabi/10.3.1/thumb/v7-m/nofp/crtbegin.o
 *(.init)
 .init          0x00000000080043d8        0x4 c:/st/stm32cubeide_1.11.0/stm32cubeide/plugins/com.st.stm32cube.ide.mcu.externaltools.gnu-tools-for-stm32.10.3-2021.10.win32_1.0.200.202301161003/tools/bin/../lib/gcc/arm-none-eabi/10.3.1/thumb/v7-m/nofp/crti.o
                0x00000000080043d8                _init
 .init          0x00000000080043dc        0x8 c:/st/stm32cubeide_1.11.0/stm32cubeide/plugins/com.st.stm32cube.ide.mcu.externaltools.gnu-tools-for-stm32.10.3-2021.10.win32_1.0.200.202301161003/tools/bin/../lib/gcc/arm-none-eabi/10.3.1/thumb/v7-m/nofp/crtn.o
 *(.fini)
 .fini          0x00000000080043e4        0x4 c:/st/stm32cubeide_1.11.0/stm32cubeide/plugins/com.st.stm32cube.ide.mcu.externaltools.gnu-tools-for-stm32.10.3-2021.10.win32_1.0.200.202301161003/tools/bin/../lib/gcc/arm-none-eabi/10.3.1/thumb/v7-m/nofp/crti.o
                0x00000000080043e4                _fini
 .fini          0x00000000080043e8        0x8 c:/st/stm32cubeide_1.11.0/stm32cubeide/plugins/com.st.stm32cube.ide.mcu.externaltools.gnu-tools-for-stm32.10.3-2021.10.win32_1.0.200.202301161003/tools/bin/../lib/gcc/arm-none-eabi/10.3.1/thumb/v7-m/nofp/crtn.o
                0x00000000080043f0                . = ALIGN (0x4)
                0x00000000080043f0                _etext = .

.vfp11_veneer   0x00000000080043f0        0x0
 .vfp11_veneer  0x00000000080043f0        0x0 linker stubs

.v4_bx          0x00000000080043f0        0x0
 .v4_bx         0x00000000080043f0        0x0 linker stubs

.iplt           0x00000000080043f0        0x0
 .iplt          0x00000000080043f0        0x0 c:/st/stm32cubeide_1.11.0/stm32cubeide/plugins/com.st.stm32cube.ide.mcu.externaltools.gnu-tools-for-stm32.10.3-2021.10.win32_1.0.200.202301161003/tools/bin/../lib/gcc/arm-none-eabi/10.3.1/thumb/v7-m/nofp/crtbegin.o

.rodata         0x00000000080043f0       0x24
                0x00000000080043f0                . = ALIGN (0x4)
 *(.rodata)
 *(.rodata*)
 .rodata.AHBPrescTable
                0x00000000080043f0       0x10 ./Core/Src/system_stm32f1xx.o
                0x00000000080043f0                AHBPrescTable
 .rodata.aPLLMULFactorTable.1
                0x0000000008004400       0x10 ./Drivers/STM32F1xx_HAL_Driver/Src/stm32f1xx_hal_rcc.o
 .rodata.aPredivFactorTable.0
                0x0000000008004410        0x2 ./Drivers/STM32F1xx_HAL_Driver/Src/stm32f1xx_hal_rcc.o
                0x0000000008004414                . = ALIGN (0x4)
 *fill*         0x0000000008004412        0x2 

.rel.dyn        0x0000000008004414        0x0
 .rel.iplt      0x0000000008004414        0x0 c:/st/stm32cubeide_1.11.0/stm32cubeide/plugins/com.st.stm32cube.ide.mcu.externaltools.gnu-tools-for-stm32.10.3-2021.10.win32_1.0.200.202301161003/tools/bin/../lib/gcc/arm-none-eabi/10.3.1/thumb/v7-m/nofp/crtbegin.o

.ARM.extab      0x0000000008004414        0x0
                0x0000000008004414                . = ALIGN (0x4)
 *(.ARM.extab* .gnu.linkonce.armextab.*)
                0x0000000008004414                . = ALIGN (0x4)

.ARM            0x0000000008004414        0x0
                0x0000000008004414                . = ALIGN (0x4)
                0x0000000008004414                __exidx_start = .
 *(.ARM.exidx*)
                0x0000000008004414                __exidx_end = .
                0x0000000008004414                . = ALIGN (0x4)

.preinit_array  0x0000000008004414        0x0
                0x0000000008004414                . = ALIGN (0x4)
                0x0000000008004414                PROVIDE (__preinit_array_start = .)
 *(.preinit_array*)
                0x0000000008004414                PROVIDE (__preinit_array_end = .)
                0x0000000008004414                . = ALIGN (0x4)

.init_array     0x0000000008004414        0x4
                0x0000000008004414                . = ALIGN (0x4)
                0x0000000008004414                PROVIDE (__init_array_start = .)
 *(SORT_BY_NAME(.init_array.*))
 *(.init_array*)
 .init_array    0x0000000008004414        0x4 c:/st/stm32cubeide_1.11.0/stm32cubeide/plugins/com.st.stm32cube.ide.mcu.externaltools.gnu-tools-for-stm32.10.3-2021.10.win32_1.0.200.202301161003/tools/bin/../lib/gcc/arm-none-eabi/10.3.1/thumb/v7-m/nofp/crtbegin.o
                0x0000000008004418                PROVIDE (__init_array_end = .)
                0x0000000008004418                . = ALIGN (0x4)

.fini_array     0x0000000008004418        0x4
                0x0000000008004418                . = ALIGN (0x4)
                [!provide]                        PROVIDE (__fini_array_start = .)
 *(SORT_BY_NAME(.fini_array.*))
 *(.fini_array*)
 .fini_array    0x0000000008004418        0x4 c:/st/stm32cubeide_1.11.0/stm32cubeide/plugins/com.st.stm32cube.ide.mcu.externaltools.gnu-tools-for-stm32.10.3-2021.10.win32_1.0.200.202301161003/tools/bin/../lib/gcc/arm-none-eabi/10.3.1/thumb/v7-m/nofp/crtbegin.o
                [!provide]                        PROVIDE (__fini_array_end = .)
                0x000000000800441c                . = ALIGN (0x4)
                0x000000000800441c                _sidata = LOADADDR (.data)

.data           0x0000000020000000       0x8c load address 0x000000000800441c
                0x0000000020000000                . = ALIGN (0x4)
                0x0000000020000000                _sdata = .
 *(.data)
 *(.data*)
 .data.led_list
                0x0000000020000000       0x40 ./Core/Src/led.o
                0x0000000020000000                led_list
 .data.currentPID
                0x0000000020000040       0x20 ./Core/Src/motor_control.o
                0x0000000020000040                currentPID
 .data.positionPID
                0x0000000020000060       0x20 ./Core/Src/motor_control.o
                0x0000000020000060                positionPID
 .data.SystemCoreClock
                0x0000000020000080        0x4 ./Core/Src/system_stm32f1xx.o
                0x0000000020000080                SystemCoreClock
 .data.uwTickPrio
                0x0000000020000084        0x4 ./Drivers/STM32F1xx_HAL_Driver/Src/stm32f1xx_hal.o
                0x0000000020000084                uwTickPrio
 .data.uwTickFreq
                0x0000000020000088        0x1 ./Drivers/STM32F1xx_HAL_Driver/Src/stm32f1xx_hal.o
                0x0000000020000088                uwTickFreq
 *(.RamFunc)
 *(.RamFunc*)
                0x000000002000008c                . = ALIGN (0x4)
 *fill*         0x0000000020000089        0x3 
                0x000000002000008c                _edata = .

.igot.plt       0x000000002000008c        0x0 load address 0x00000000080044a8
 .igot.plt      0x000000002000008c        0x0 c:/st/stm32cubeide_1.11.0/stm32cubeide/plugins/com.st.stm32cube.ide.mcu.externaltools.gnu-tools-for-stm32.10.3-2021.10.win32_1.0.200.202301161003/tools/bin/../lib/gcc/arm-none-eabi/10.3.1/thumb/v7-m/nofp/crtbegin.o
                0x000000002000008c                . = ALIGN (0x4)

.bss            0x000000002000008c      0x1f4 load address 0x00000000080044a8
                0x000000002000008c                _sbss = .
                0x000000002000008c                __bss_start__ = _sbss
 *(.bss)
 .bss           0x000000002000008c       0x1c c:/st/stm32cubeide_1.11.0/stm32cubeide/plugins/com.st.stm32cube.ide.mcu.externaltools.gnu-tools-for-stm32.10.3-2021.10.win32_1.0.200.202301161003/tools/bin/../lib/gcc/arm-none-eabi/10.3.1/thumb/v7-m/nofp/crtbegin.o
 *(.bss*)
 .bss.hadc1     0x00000000200000a8       0x30 ./Core/Src/adc.o
                0x00000000200000a8                hadc1
 .bss.hdma_adc1
                0x00000000200000d8       0x44 ./Core/Src/adc.o
                0x00000000200000d8                hdma_adc1
 .bss.hcan      0x000000002000011c       0x28 ./Core/Src/can.o
                0x000000002000011c                hcan
 .bss.ampare    0x0000000020000144        0x4 ./Core/Src/current.o
                0x0000000020000144                ampare
 .bss.overflowcnt
                0x0000000020000148        0x4 ./Core/Src/encoder.o
                0x0000000020000148                overflowcnt
 .bss.hspi1     0x000000002000014c       0x58 ./Core/Src/spi.o
                0x000000002000014c                hspi1
 .bss.htim1     0x00000000200001a4       0x48 ./Core/Src/tim.o
                0x00000000200001a4                htim1
 .bss.htim2     0x00000000200001ec       0x48 ./Core/Src/tim.o
                0x00000000200001ec                htim2
 .bss.htim3     0x0000000020000234       0x48 ./Core/Src/tim.o
                0x0000000020000234                htim3
 .bss.uwTick    0x000000002000027c        0x4 ./Drivers/STM32F1xx_HAL_Driver/Src/stm32f1xx_hal.o
                0x000000002000027c                uwTick
 *(COMMON)
                0x0000000020000280                . = ALIGN (0x4)
                0x0000000020000280                _ebss = .
                0x0000000020000280                __bss_end__ = _ebss

._user_heap_stack
                0x0000000020000280      0x600 load address 0x00000000080044a8
                0x0000000020000280                . = ALIGN (0x8)
                [!provide]                        PROVIDE (end = .)
                0x0000000020000280                PROVIDE (_end = .)
                0x0000000020000480                . = (. + _Min_Heap_Size)
 *fill*         0x0000000020000280      0x200 
                0x0000000020000880                . = (. + _Min_Stack_Size)
 *fill*         0x0000000020000480      0x400 
                0x0000000020000880                . = ALIGN (0x8)

/DISCARD/
 libc.a(*)
 libm.a(*)
 libgcc.a(*)

.ARM.attributes
                0x0000000000000000       0x29
 *(.ARM.attributes)
 .ARM.attributes
                0x0000000000000000       0x1d c:/st/stm32cubeide_1.11.0/stm32cubeide/plugins/com.st.stm32cube.ide.mcu.externaltools.gnu-tools-for-stm32.10.3-2021.10.win32_1.0.200.202301161003/tools/bin/../lib/gcc/arm-none-eabi/10.3.1/thumb/v7-m/nofp/crti.o
 .ARM.attributes
                0x000000000000001d       0x2d c:/st/stm32cubeide_1.11.0/stm32cubeide/plugins/com.st.stm32cube.ide.mcu.externaltools.gnu-tools-for-stm32.10.3-2021.10.win32_1.0.200.202301161003/tools/bin/../lib/gcc/arm-none-eabi/10.3.1/thumb/v7-m/nofp/crtbegin.o
 .ARM.attributes
                0x000000000000004a       0x2d ./Core/Src/adc.o
 .ARM.attributes
                0x0000000000000077       0x2d ./Core/Src/can.o
 .ARM.attributes
                0x00000000000000a4       0x2d ./Core/Src/current.o
 .ARM.attributes
                0x00000000000000d1       0x2d ./Core/Src/dma.o
 .ARM.attributes
                0x00000000000000fe       0x2d ./Core/Src/encoder.o
 .ARM.attributes
                0x000000000000012b       0x2d ./Core/Src/gpio.o
 .ARM.attributes
                0x0000000000000158       0x2d ./Core/Src/led.o
 .ARM.attributes
                0x0000000000000185       0x2d ./Core/Src/main.o
 .ARM.attributes
                0x00000000000001b2       0x2d ./Core/Src/motor_control.o
 .ARM.attributes
                0x00000000000001df       0x2d ./Core/Src/spi.o
 .ARM.attributes
                0x000000000000020c       0x2d ./Core/Src/stm32f1xx_hal_msp.o
 .ARM.attributes
                0x0000000000000239       0x2d ./Core/Src/stm32f1xx_it.o
 .ARM.attributes
                0x0000000000000266       0x2d ./Core/Src/system_stm32f1xx.o
 .ARM.attributes
                0x0000000000000293       0x2d ./Core/Src/tim.o
 .ARM.attributes
                0x00000000000002c0       0x21 ./Core/Startup/startup_stm32f103c8tx.o
 .ARM.attributes
                0x00000000000002e1       0x2d ./Drivers/STM32F1xx_HAL_Driver/Src/stm32f1xx_hal.o
 .ARM.attributes
                0x000000000000030e       0x2d ./Drivers/STM32F1xx_HAL_Driver/Src/stm32f1xx_hal_adc.o
 .ARM.attributes
                0x000000000000033b       0x2d ./Drivers/STM32F1xx_HAL_Driver/Src/stm32f1xx_hal_can.o
 .ARM.attributes
                0x0000000000000368       0x2d ./Drivers/STM32F1xx_HAL_Driver/Src/stm32f1xx_hal_cortex.o
 .ARM.attributes
                0x0000000000000395       0x2d ./Drivers/STM32F1xx_HAL_Driver/Src/stm32f1xx_hal_dma.o
 .ARM.attributes
                0x00000000000003c2       0x2d ./Drivers/STM32F1xx_HAL_Driver/Src/stm32f1xx_hal_gpio.o
 .ARM.attributes
                0x00000000000003ef       0x2d ./Drivers/STM32F1xx_HAL_Driver/Src/stm32f1xx_hal_rcc.o
 .ARM.attributes
                0x000000000000041c       0x2d ./Drivers/STM32F1xx_HAL_Driver/Src/stm32f1xx_hal_rcc_ex.o
 .ARM.attributes
                0x0000000000000449       0x2d ./Drivers/STM32F1xx_HAL_Driver/Src/stm32f1xx_hal_spi.o
 .ARM.attributes
                0x0000000000000476       0x2d ./Drivers/STM32F1xx_HAL_Driver/Src/stm32f1xx_hal_tim.o
 .ARM.attributes
                0x00000000000004a3       0x2d ./Drivers/STM32F1xx_HAL_Driver/Src/stm32f1xx_hal_tim_ex.o
 .ARM.attributes
                0x00000000000004d0       0x2d c:/st/stm32cubeide_1.11.0/stm32cubeide/plugins/com.st.stm32cube.ide.mcu.externaltools.gnu-tools-for-stm32.10.3-2021.10.win32_1.0.200.202301161003/tools/bin/../lib/gcc/arm-none-eabi/10.3.1/../../../../arm-none-eabi/lib/thumb/v7-m/nofp\libc_nano.a(lib_a-init.o)
 .ARM.attributes
                0x00000000000004fd       0x2d c:/st/stm32cubeide_1.11.0/stm32cubeide/plugins/com.st.stm32cube.ide.mcu.externaltools.gnu-tools-for-stm32.10.3-2021.10.win32_1.0.200.202301161003/tools/bin/../lib/gcc/arm-none-eabi/10.3.1/../../../../arm-none-eabi/lib/thumb/v7-m/nofp\libc_nano.a(lib_a-memset.o)
 .ARM.attributes
                0x000000000000052a       0x1d c:/st/stm32cubeide_1.11.0/stm32cubeide/plugins/com.st.stm32cube.ide.mcu.externaltools.gnu-tools-for-stm32.10.3-2021.10.win32_1.0.200.202301161003/tools/bin/../lib/gcc/arm-none-eabi/10.3.1/thumb/v7-m/nofp\libgcc.a(_arm_addsubsf3.o)
 .ARM.attributes
                0x0000000000000547       0x1d c:/st/stm32cubeide_1.11.0/stm32cubeide/plugins/com.st.stm32cube.ide.mcu.externaltools.gnu-tools-for-stm32.10.3-2021.10.win32_1.0.200.202301161003/tools/bin/../lib/gcc/arm-none-eabi/10.3.1/thumb/v7-m/nofp\libgcc.a(_arm_muldivsf3.o)
 .ARM.attributes
                0x0000000000000564       0x1d c:/st/stm32cubeide_1.11.0/stm32cubeide/plugins/com.st.stm32cube.ide.mcu.externaltools.gnu-tools-for-stm32.10.3-2021.10.win32_1.0.200.202301161003/tools/bin/../lib/gcc/arm-none-eabi/10.3.1/thumb/v7-m/nofp\libgcc.a(_arm_cmpsf2.o)
 .ARM.attributes
                0x0000000000000581       0x1d c:/st/stm32cubeide_1.11.0/stm32cubeide/plugins/com.st.stm32cube.ide.mcu.externaltools.gnu-tools-for-stm32.10.3-2021.10.win32_1.0.200.202301161003/tools/bin/../lib/gcc/arm-none-eabi/10.3.1/thumb/v7-m/nofp\libgcc.a(_arm_fixsfsi.o)
 .ARM.attributes
                0x000000000000059e       0x1d c:/st/stm32cubeide_1.11.0/stm32cubeide/plugins/com.st.stm32cube.ide.mcu.externaltools.gnu-tools-for-stm32.10.3-2021.10.win32_1.0.200.202301161003/tools/bin/../lib/gcc/arm-none-eabi/10.3.1/thumb/v7-m/nofp/crtn.o
OUTPUT(BrushDCMotorFW.elf elf32-littlearm)
LOAD linker stubs
LOAD c:/st/stm32cubeide_1.11.0/stm32cubeide/plugins/com.st.stm32cube.ide.mcu.externaltools.gnu-tools-for-stm32.10.3-2021.10.win32_1.0.200.202301161003/tools/bin/../lib/gcc/arm-none-eabi/10.3.1/../../../../arm-none-eabi/lib/thumb/v7-m/nofp\libc.a
LOAD c:/st/stm32cubeide_1.11.0/stm32cubeide/plugins/com.st.stm32cube.ide.mcu.externaltools.gnu-tools-for-stm32.10.3-2021.10.win32_1.0.200.202301161003/tools/bin/../lib/gcc/arm-none-eabi/10.3.1/../../../../arm-none-eabi/lib/thumb/v7-m/nofp\libm.a
LOAD c:/st/stm32cubeide_1.11.0/stm32cubeide/plugins/com.st.stm32cube.ide.mcu.externaltools.gnu-tools-for-stm32.10.3-2021.10.win32_1.0.200.202301161003/tools/bin/../lib/gcc/arm-none-eabi/10.3.1/thumb/v7-m/nofp\libgcc.a

.debug_info     0x0000000000000000     0xfd54
 .debug_info    0x0000000000000000      0x864 ./Core/Src/adc.o
 .debug_info    0x0000000000000864      0x8c7 ./Core/Src/can.o
 .debug_info    0x000000000000112b      0x602 ./Core/Src/current.o
 .debug_info    0x000000000000172d      0x2e6 ./Core/Src/dma.o
 .debug_info    0x0000000000001a13      0x66b ./Core/Src/encoder.o
 .debug_info    0x000000000000207e      0x30b ./Core/Src/gpio.o
 .debug_info    0x0000000000002389      0x27f ./Core/Src/led.o
 .debug_info    0x0000000000002608      0x3be ./Core/Src/main.o
 .debug_info    0x00000000000029c6      0x982 ./Core/Src/motor_control.o
 .debug_info    0x0000000000003348      0x984 ./Core/Src/spi.o
 .debug_info    0x0000000000003ccc      0x210 ./Core/Src/stm32f1xx_hal_msp.o
 .debug_info    0x0000000000003edc      0xb44 ./Core/Src/stm32f1xx_it.o
 .debug_info    0x0000000000004a20      0x23d ./Core/Src/system_stm32f1xx.o
 .debug_info    0x0000000000004c5d     0x1039 ./Core/Src/tim.o
 .debug_info    0x0000000000005c96       0x22 ./Core/Startup/startup_stm32f103c8tx.o
 .debug_info    0x0000000000005cb8      0x734 ./Drivers/STM32F1xx_HAL_Driver/Src/stm32f1xx_hal.o
 .debug_info    0x00000000000063ec      0xcfe ./Drivers/STM32F1xx_HAL_Driver/Src/stm32f1xx_hal_adc.o
 .debug_info    0x00000000000070ea      0xfd7 ./Drivers/STM32F1xx_HAL_Driver/Src/stm32f1xx_hal_can.o
 .debug_info    0x00000000000080c1      0xb20 ./Drivers/STM32F1xx_HAL_Driver/Src/stm32f1xx_hal_cortex.o
 .debug_info    0x0000000000008be1      0x744 ./Drivers/STM32F1xx_HAL_Driver/Src/stm32f1xx_hal_dma.o
 .debug_info    0x0000000000009325      0x615 ./Drivers/STM32F1xx_HAL_Driver/Src/stm32f1xx_hal_gpio.o
 .debug_info    0x000000000000993a      0x865 ./Drivers/STM32F1xx_HAL_Driver/Src/stm32f1xx_hal_rcc.o
 .debug_info    0x000000000000a19f      0x3e6 ./Drivers/STM32F1xx_HAL_Driver/Src/stm32f1xx_hal_rcc_ex.o
 .debug_info    0x000000000000a585     0x165d ./Drivers/STM32F1xx_HAL_Driver/Src/stm32f1xx_hal_spi.o
 .debug_info    0x000000000000bbe2     0x2bab ./Drivers/STM32F1xx_HAL_Driver/Src/stm32f1xx_hal_tim.o
 .debug_info    0x000000000000e78d     0x15c7 ./Drivers/STM32F1xx_HAL_Driver/Src/stm32f1xx_hal_tim_ex.o

.debug_abbrev   0x0000000000000000     0x3049
 .debug_abbrev  0x0000000000000000      0x1e1 ./Core/Src/adc.o
 .debug_abbrev  0x00000000000001e1      0x230 ./Core/Src/can.o
 .debug_abbrev  0x0000000000000411      0x191 ./Core/Src/current.o
 .debug_abbrev  0x00000000000005a2       0xf8 ./Core/Src/dma.o
 .debug_abbrev  0x000000000000069a      0x16d ./Core/Src/encoder.o
 .debug_abbrev  0x0000000000000807      0x134 ./Core/Src/gpio.o
 .debug_abbrev  0x000000000000093b      0x1bf ./Core/Src/led.o
 .debug_abbrev  0x0000000000000afa      0x1e5 ./Core/Src/main.o
 .debug_abbrev  0x0000000000000cdf      0x286 ./Core/Src/motor_control.o
 .debug_abbrev  0x0000000000000f65      0x22a ./Core/Src/spi.o
 .debug_abbrev  0x000000000000118f       0xd4 ./Core/Src/stm32f1xx_hal_msp.o
 .debug_abbrev  0x0000000000001263      0x1d7 ./Core/Src/stm32f1xx_it.o
 .debug_abbrev  0x000000000000143a      0x13b ./Core/Src/system_stm32f1xx.o
 .debug_abbrev  0x0000000000001575      0x285 ./Core/Src/tim.o
 .debug_abbrev  0x00000000000017fa       0x12 ./Core/Startup/startup_stm32f103c8tx.o
 .debug_abbrev  0x000000000000180c      0x1fb ./Drivers/STM32F1xx_HAL_Driver/Src/stm32f1xx_hal.o
 .debug_abbrev  0x0000000000001a07      0x210 ./Drivers/STM32F1xx_HAL_Driver/Src/stm32f1xx_hal_adc.o
 .debug_abbrev  0x0000000000001c17      0x224 ./Drivers/STM32F1xx_HAL_Driver/Src/stm32f1xx_hal_can.o
 .debug_abbrev  0x0000000000001e3b      0x2ed ./Drivers/STM32F1xx_HAL_Driver/Src/stm32f1xx_hal_cortex.o
 .debug_abbrev  0x0000000000002128      0x1fe ./Drivers/STM32F1xx_HAL_Driver/Src/stm32f1xx_hal_dma.o
 .debug_abbrev  0x0000000000002326      0x1bb ./Drivers/STM32F1xx_HAL_Driver/Src/stm32f1xx_hal_gpio.o
 .debug_abbrev  0x00000000000024e1      0x2a8 ./Drivers/STM32F1xx_HAL_Driver/Src/stm32f1xx_hal_rcc.o
 .debug_abbrev  0x0000000000002789      0x182 ./Drivers/STM32F1xx_HAL_Driver/Src/stm32f1xx_hal_rcc_ex.o
 .debug_abbrev  0x000000000000290b      0x26e ./Drivers/STM32F1xx_HAL_Driver/Src/stm32f1xx_hal_spi.o
 .debug_abbrev  0x0000000000002b79      0x264 ./Drivers/STM32F1xx_HAL_Driver/Src/stm32f1xx_hal_tim.o
 .debug_abbrev  0x0000000000002ddd      0x26c ./Drivers/STM32F1xx_HAL_Driver/Src/stm32f1xx_hal_tim_ex.o

.debug_aranges  0x0000000000000000      0xfc0
 .debug_aranges
                0x0000000000000000       0x30 ./Core/Src/adc.o
 .debug_aranges
                0x0000000000000030       0x30 ./Core/Src/can.o
 .debug_aranges
                0x0000000000000060       0x30 ./Core/Src/current.o
 .debug_aranges
                0x0000000000000090       0x20 ./Core/Src/dma.o
 .debug_aranges
                0x00000000000000b0       0x28 ./Core/Src/encoder.o
 .debug_aranges
                0x00000000000000d8       0x20 ./Core/Src/gpio.o
 .debug_aranges
                0x00000000000000f8       0x28 ./Core/Src/led.o
 .debug_aranges
                0x0000000000000120       0x30 ./Core/Src/main.o
 .debug_aranges
                0x0000000000000150       0x38 ./Core/Src/motor_control.o
 .debug_aranges
                0x0000000000000188       0x40 ./Core/Src/spi.o
 .debug_aranges
                0x00000000000001c8       0x20 ./Core/Src/stm32f1xx_hal_msp.o
 .debug_aranges
                0x00000000000001e8       0x80 ./Core/Src/stm32f1xx_it.o
 .debug_aranges
                0x0000000000000268       0x28 ./Core/Src/system_stm32f1xx.o
 .debug_aranges
                0x0000000000000290       0x60 ./Core/Src/tim.o
 .debug_aranges
                0x00000000000002f0       0x28 ./Core/Startup/startup_stm32f103c8tx.o
 .debug_aranges
                0x0000000000000318       0xe0 ./Drivers/STM32F1xx_HAL_Driver/Src/stm32f1xx_hal.o
 .debug_aranges
                0x00000000000003f8       0xf0 ./Drivers/STM32F1xx_HAL_Driver/Src/stm32f1xx_hal_adc.o
 .debug_aranges
                0x00000000000004e8      0x138 ./Drivers/STM32F1xx_HAL_Driver/Src/stm32f1xx_hal_can.o
 .debug_aranges
                0x0000000000000620      0x100 ./Drivers/STM32F1xx_HAL_Driver/Src/stm32f1xx_hal_cortex.o
 .debug_aranges
                0x0000000000000720       0x80 ./Drivers/STM32F1xx_HAL_Driver/Src/stm32f1xx_hal_dma.o
 .debug_aranges
                0x00000000000007a0       0x58 ./Drivers/STM32F1xx_HAL_Driver/Src/stm32f1xx_hal_gpio.o
 .debug_aranges
                0x00000000000007f8       0x90 ./Drivers/STM32F1xx_HAL_Driver/Src/stm32f1xx_hal_rcc.o
 .debug_aranges
                0x0000000000000888       0x30 ./Drivers/STM32F1xx_HAL_Driver/Src/stm32f1xx_hal_rcc_ex.o
 .debug_aranges
                0x00000000000008b8      0x1d0 ./Drivers/STM32F1xx_HAL_Driver/Src/stm32f1xx_hal_spi.o
 .debug_aranges
                0x0000000000000a88      0x3d0 ./Drivers/STM32F1xx_HAL_Driver/Src/stm32f1xx_hal_tim.o
 .debug_aranges
                0x0000000000000e58      0x168 ./Drivers/STM32F1xx_HAL_Driver/Src/stm32f1xx_hal_tim_ex.o

.debug_ranges   0x0000000000000000      0xe28
 .debug_ranges  0x0000000000000000       0x20 ./Core/Src/adc.o
 .debug_ranges  0x0000000000000020       0x20 ./Core/Src/can.o
 .debug_ranges  0x0000000000000040       0x20 ./Core/Src/current.o
 .debug_ranges  0x0000000000000060       0x10 ./Core/Src/dma.o
 .debug_ranges  0x0000000000000070       0x18 ./Core/Src/encoder.o
 .debug_ranges  0x0000000000000088       0x10 ./Core/Src/gpio.o
 .debug_ranges  0x0000000000000098       0x18 ./Core/Src/led.o
 .debug_ranges  0x00000000000000b0       0x20 ./Core/Src/main.o
 .debug_ranges  0x00000000000000d0       0x28 ./Core/Src/motor_control.o
 .debug_ranges  0x00000000000000f8       0x30 ./Core/Src/spi.o
 .debug_ranges  0x0000000000000128       0x10 ./Core/Src/stm32f1xx_hal_msp.o
 .debug_ranges  0x0000000000000138       0x70 ./Core/Src/stm32f1xx_it.o
 .debug_ranges  0x00000000000001a8       0x18 ./Core/Src/system_stm32f1xx.o
 .debug_ranges  0x00000000000001c0       0x50 ./Core/Src/tim.o
 .debug_ranges  0x0000000000000210       0x20 ./Core/Startup/startup_stm32f103c8tx.o
 .debug_ranges  0x0000000000000230       0xd0 ./Drivers/STM32F1xx_HAL_Driver/Src/stm32f1xx_hal.o
 .debug_ranges  0x0000000000000300       0xe0 ./Drivers/STM32F1xx_HAL_Driver/Src/stm32f1xx_hal_adc.o
 .debug_ranges  0x00000000000003e0      0x128 ./Drivers/STM32F1xx_HAL_Driver/Src/stm32f1xx_hal_can.o
 .debug_ranges  0x0000000000000508       0xf0 ./Drivers/STM32F1xx_HAL_Driver/Src/stm32f1xx_hal_cortex.o
 .debug_ranges  0x00000000000005f8       0x70 ./Drivers/STM32F1xx_HAL_Driver/Src/stm32f1xx_hal_dma.o
 .debug_ranges  0x0000000000000668       0x48 ./Drivers/STM32F1xx_HAL_Driver/Src/stm32f1xx_hal_gpio.o
 .debug_ranges  0x00000000000006b0       0x80 ./Drivers/STM32F1xx_HAL_Driver/Src/stm32f1xx_hal_rcc.o
 .debug_ranges  0x0000000000000730       0x20 ./Drivers/STM32F1xx_HAL_Driver/Src/stm32f1xx_hal_rcc_ex.o
 .debug_ranges  0x0000000000000750      0x1c0 ./Drivers/STM32F1xx_HAL_Driver/Src/stm32f1xx_hal_spi.o
 .debug_ranges  0x0000000000000910      0x3c0 ./Drivers/STM32F1xx_HAL_Driver/Src/stm32f1xx_hal_tim.o
 .debug_ranges  0x0000000000000cd0      0x158 ./Drivers/STM32F1xx_HAL_Driver/Src/stm32f1xx_hal_tim_ex.o

.debug_macro    0x0000000000000000    0x198a6
 .debug_macro   0x0000000000000000      0x1da ./Core/Src/adc.o
 .debug_macro   0x00000000000001da      0xa6c ./Core/Src/adc.o
 .debug_macro   0x0000000000000c46      0x22d ./Core/Src/adc.o
 .debug_macro   0x0000000000000e73       0x2e ./Core/Src/adc.o
 .debug_macro   0x0000000000000ea1       0x22 ./Core/Src/adc.o
 .debug_macro   0x0000000000000ec3       0x22 ./Core/Src/adc.o
 .debug_macro   0x0000000000000ee5       0x8e ./Core/Src/adc.o
 .debug_macro   0x0000000000000f73       0x51 ./Core/Src/adc.o
 .debug_macro   0x0000000000000fc4      0x103 ./Core/Src/adc.o
 .debug_macro   0x00000000000010c7       0x6a ./Core/Src/adc.o
 .debug_macro   0x0000000000001131      0x1df ./Core/Src/adc.o
 .debug_macro   0x0000000000001310       0x1c ./Core/Src/adc.o
 .debug_macro   0x000000000000132c       0x22 ./Core/Src/adc.o
 .debug_macro   0x000000000000134e       0xbd ./Core/Src/adc.o
 .debug_macro   0x000000000000140b      0xd23 ./Core/Src/adc.o
 .debug_macro   0x000000000000212e     0xe09e ./Core/Src/adc.o
 .debug_macro   0x00000000000101cc       0x6d ./Core/Src/adc.o
 .debug_macro   0x0000000000010239     0x348d ./Core/Src/adc.o
 .debug_macro   0x00000000000136c6      0x174 ./Core/Src/adc.o
 .debug_macro   0x000000000001383a       0x5c ./Core/Src/adc.o
 .debug_macro   0x0000000000013896      0x5bc ./Core/Src/adc.o
 .debug_macro   0x0000000000013e52      0x289 ./Core/Src/adc.o
 .debug_macro   0x00000000000140db      0x1cb ./Core/Src/adc.o
 .debug_macro   0x00000000000142a6      0x114 ./Core/Src/adc.o
 .debug_macro   0x00000000000143ba      0x1b2 ./Core/Src/adc.o
 .debug_macro   0x000000000001456c       0x27 ./Core/Src/adc.o
 .debug_macro   0x0000000000014593      0x136 ./Core/Src/adc.o
 .debug_macro   0x00000000000146c9      0x1bc ./Core/Src/adc.o
 .debug_macro   0x0000000000014885       0x34 ./Core/Src/adc.o
 .debug_macro   0x00000000000148b9       0x3c ./Core/Src/adc.o
 .debug_macro   0x00000000000148f5      0x408 ./Core/Src/adc.o
 .debug_macro   0x0000000000014cfd       0x57 ./Core/Src/adc.o
 .debug_macro   0x0000000000014d54      0x46a ./Core/Src/adc.o
 .debug_macro   0x00000000000151be      0x1b5 ./Core/Src/adc.o
 .debug_macro   0x0000000000015373       0x87 ./Core/Src/adc.o
 .debug_macro   0x00000000000153fa      0x240 ./Core/Src/adc.o
 .debug_macro   0x000000000001563a      0x140 ./Core/Src/adc.o
 .debug_macro   0x000000000001577a      0x217 ./Core/Src/adc.o
 .debug_macro   0x0000000000015991      0x8ed ./Core/Src/adc.o
 .debug_macro   0x000000000001627e       0x83 ./Core/Src/adc.o
 .debug_macro   0x0000000000016301       0x88 ./Core/Src/adc.o
 .debug_macro   0x0000000000016389      0x1da ./Core/Src/can.o
 .debug_macro   0x0000000000016563      0x1e4 ./Core/Src/current.o
 .debug_macro   0x0000000000016747      0x1da ./Core/Src/dma.o
 .debug_macro   0x0000000000016921      0x1e4 ./Core/Src/encoder.o
 .debug_macro   0x0000000000016b05      0x1da ./Core/Src/gpio.o
 .debug_macro   0x0000000000016cdf      0x1e0 ./Core/Src/led.o
 .debug_macro   0x0000000000016ebf      0x21a ./Core/Src/main.o
 .debug_macro   0x00000000000170d9      0x2f0 ./Core/Src/motor_control.o
 .debug_macro   0x00000000000173c9       0x18 ./Core/Src/motor_control.o
 .debug_macro   0x00000000000173e1       0x52 ./Core/Src/motor_control.o
 .debug_macro   0x0000000000017433       0x3c ./Core/Src/motor_control.o
 .debug_macro   0x000000000001746f       0x34 ./Core/Src/motor_control.o
 .debug_macro   0x00000000000174a3       0x16 ./Core/Src/motor_control.o
 .debug_macro   0x00000000000174b9       0x35 ./Core/Src/motor_control.o
 .debug_macro   0x00000000000174ee       0x16 ./Core/Src/motor_control.o
 .debug_macro   0x0000000000017504       0x43 ./Core/Src/motor_control.o
 .debug_macro   0x0000000000017547       0x34 ./Core/Src/motor_control.o
 .debug_macro   0x000000000001757b       0x10 ./Core/Src/motor_control.o
 .debug_macro   0x000000000001758b       0x58 ./Core/Src/motor_control.o
 .debug_macro   0x00000000000175e3       0x71 ./Core/Src/motor_control.o
 .debug_macro   0x0000000000017654       0x1c ./Core/Src/motor_control.o
 .debug_macro   0x0000000000017670      0x12a ./Core/Src/motor_control.o
 .debug_macro   0x000000000001779a      0x341 ./Core/Src/motor_control.o
 .debug_macro   0x0000000000017adb       0x16 ./Core/Src/motor_control.o
 .debug_macro   0x0000000000017af1       0x29 ./Core/Src/motor_control.o
 .debug_macro   0x0000000000017b1a      0x219 ./Core/Src/spi.o
 .debug_macro   0x0000000000017d33      0x1d0 ./Core/Src/stm32f1xx_hal_msp.o
 .debug_macro   0x0000000000017f03      0x1da ./Core/Src/stm32f1xx_it.o
 .debug_macro   0x00000000000180dd      0x1c1 ./Core/Src/system_stm32f1xx.o
 .debug_macro   0x000000000001829e      0x1ee ./Core/Src/tim.o
 .debug_macro   0x000000000001848c      0x1e5 ./Drivers/STM32F1xx_HAL_Driver/Src/stm32f1xx_hal.o
 .debug_macro   0x0000000000018671      0x1de ./Drivers/STM32F1xx_HAL_Driver/Src/stm32f1xx_hal_adc.o
 .debug_macro   0x000000000001884f      0x1c9 ./Drivers/STM32F1xx_HAL_Driver/Src/stm32f1xx_hal_can.o
 .debug_macro   0x0000000000018a18      0x1c1 ./Drivers/STM32F1xx_HAL_Driver/Src/stm32f1xx_hal_cortex.o
 .debug_macro   0x0000000000018bd9      0x1c1 ./Drivers/STM32F1xx_HAL_Driver/Src/stm32f1xx_hal_dma.o
 .debug_macro   0x0000000000018d9a      0x22c ./Drivers/STM32F1xx_HAL_Driver/Src/stm32f1xx_hal_gpio.o
 .debug_macro   0x0000000000018fc6      0x1d3 ./Drivers/STM32F1xx_HAL_Driver/Src/stm32f1xx_hal_rcc.o
 .debug_macro   0x0000000000019199      0x1c1 ./Drivers/STM32F1xx_HAL_Driver/Src/stm32f1xx_hal_rcc_ex.o
 .debug_macro   0x000000000001935a      0x1c9 ./Drivers/STM32F1xx_HAL_Driver/Src/stm32f1xx_hal_spi.o
 .debug_macro   0x0000000000019523      0x1c2 ./Drivers/STM32F1xx_HAL_Driver/Src/stm32f1xx_hal_tim.o
 .debug_macro   0x00000000000196e5      0x1c1 ./Drivers/STM32F1xx_HAL_Driver/Src/stm32f1xx_hal_tim_ex.o

.debug_line     0x0000000000000000    0x136c3
 .debug_line    0x0000000000000000      0x755 ./Core/Src/adc.o
 .debug_line    0x0000000000000755      0x737 ./Core/Src/can.o
 .debug_line    0x0000000000000e8c      0x707 ./Core/Src/current.o
 .debug_line    0x0000000000001593      0x6bc ./Core/Src/dma.o
 .debug_line    0x0000000000001c4f      0x6fa ./Core/Src/encoder.o
 .debug_line    0x0000000000002349      0x6e4 ./Core/Src/gpio.o
 .debug_line    0x0000000000002a2d      0x719 ./Core/Src/led.o
 .debug_line    0x0000000000003146      0x799 ./Core/Src/main.o
 .debug_line    0x00000000000038df      0x95d ./Core/Src/motor_control.o
 .debug_line    0x000000000000423c      0x890 ./Core/Src/spi.o
 .debug_line    0x0000000000004acc      0x6c1 ./Core/Src/stm32f1xx_hal_msp.o
 .debug_line    0x000000000000518d      0x7e3 ./Core/Src/stm32f1xx_it.o
 .debug_line    0x0000000000005970      0x73f ./Core/Src/system_stm32f1xx.o
 .debug_line    0x00000000000060af      0x92f ./Core/Src/tim.o
 .debug_line    0x00000000000069de       0x86 ./Core/Startup/startup_stm32f103c8tx.o
 .debug_line    0x0000000000006a64      0x96c ./Drivers/STM32F1xx_HAL_Driver/Src/stm32f1xx_hal.o
 .debug_line    0x00000000000073d0      0xff1 ./Drivers/STM32F1xx_HAL_Driver/Src/stm32f1xx_hal_adc.o
 .debug_line    0x00000000000083c1     0x1113 ./Drivers/STM32F1xx_HAL_Driver/Src/stm32f1xx_hal_can.o
 .debug_line    0x00000000000094d4      0xb54 ./Drivers/STM32F1xx_HAL_Driver/Src/stm32f1xx_hal_cortex.o
 .debug_line    0x000000000000a028      0xdc5 ./Drivers/STM32F1xx_HAL_Driver/Src/stm32f1xx_hal_dma.o
 .debug_line    0x000000000000aded      0xa05 ./Drivers/STM32F1xx_HAL_Driver/Src/stm32f1xx_hal_gpio.o
 .debug_line    0x000000000000b7f2      0xd78 ./Drivers/STM32F1xx_HAL_Driver/Src/stm32f1xx_hal_rcc.o
 .debug_line    0x000000000000c56a      0x8b3 ./Drivers/STM32F1xx_HAL_Driver/Src/stm32f1xx_hal_rcc_ex.o
 .debug_line    0x000000000000ce1d     0x1bed ./Drivers/STM32F1xx_HAL_Driver/Src/stm32f1xx_hal_spi.o
 .debug_line    0x000000000000ea0a     0x33f7 ./Drivers/STM32F1xx_HAL_Driver/Src/stm32f1xx_hal_tim.o
 .debug_line    0x0000000000011e01     0x18c2 ./Drivers/STM32F1xx_HAL_Driver/Src/stm32f1xx_hal_tim_ex.o

.debug_str      0x0000000000000000    0x90a40
 .debug_str     0x0000000000000000    0x89b28 ./Core/Src/adc.o
                                      0x89ed4 (size before relaxing)
 .debug_str     0x0000000000089b28      0x548 ./Core/Src/can.o
                                      0x8a10e (size before relaxing)
 .debug_str     0x000000000008a070       0x9b ./Core/Src/current.o
                                      0x89ded (size before relaxing)
 .debug_str     0x000000000008a10b       0x29 ./Core/Src/dma.o
                                      0x89d67 (size before relaxing)
 .debug_str     0x000000000008a134      0x2da ./Core/Src/encoder.o
                                      0x89f1e (size before relaxing)
 .debug_str     0x000000000008a40e       0x68 ./Core/Src/gpio.o
                                      0x89b09 (size before relaxing)
 .debug_str     0x000000000008a476       0xa2 ./Core/Src/led.o
                                      0x89b07 (size before relaxing)
 .debug_str     0x000000000008a518      0x24d ./Core/Src/main.o
                                      0x89d2b (size before relaxing)
 .debug_str     0x000000000008a765     0x2f61 ./Core/Src/motor_control.o
                                      0x8cf81 (size before relaxing)
 .debug_str     0x000000000008d6c6      0x260 ./Core/Src/spi.o
                                      0x8a300 (size before relaxing)
 .debug_str     0x000000000008d926       0x50 ./Core/Src/stm32f1xx_hal_msp.o
                                      0x89a91 (size before relaxing)
 .debug_str     0x000000000008d976      0x13b ./Core/Src/stm32f1xx_it.o
                                      0x8a283 (size before relaxing)
 .debug_str     0x000000000008dab1       0x7e ./Core/Src/system_stm32f1xx.o
                                      0x898c2 (size before relaxing)
 .debug_str     0x000000000008db2f      0x3c5 ./Core/Src/tim.o
                                      0x8a766 (size before relaxing)
 .debug_str     0x000000000008def4       0x36 ./Core/Startup/startup_stm32f103c8tx.o
                                         0x78 (size before relaxing)
 .debug_str     0x000000000008df2a      0x36e ./Drivers/STM32F1xx_HAL_Driver/Src/stm32f1xx_hal.o
                                      0x89ff5 (size before relaxing)
 .debug_str     0x000000000008e298      0x38b ./Drivers/STM32F1xx_HAL_Driver/Src/stm32f1xx_hal_adc.o
                                      0x89fa6 (size before relaxing)
 .debug_str     0x000000000008e623      0x54d ./Drivers/STM32F1xx_HAL_Driver/Src/stm32f1xx_hal_can.o
                                      0x8a0c2 (size before relaxing)
 .debug_str     0x000000000008eb70      0x262 ./Drivers/STM32F1xx_HAL_Driver/Src/stm32f1xx_hal_cortex.o
                                      0x89f41 (size before relaxing)
 .debug_str     0x000000000008edd2      0x1e7 ./Drivers/STM32F1xx_HAL_Driver/Src/stm32f1xx_hal_dma.o
                                      0x89c6b (size before relaxing)
 .debug_str     0x000000000008efb9      0x2d0 ./Drivers/STM32F1xx_HAL_Driver/Src/stm32f1xx_hal_gpio.o
                                      0x89c48 (size before relaxing)
 .debug_str     0x000000000008f289      0x224 ./Drivers/STM32F1xx_HAL_Driver/Src/stm32f1xx_hal_rcc.o
                                      0x89cf1 (size before relaxing)
 .debug_str     0x000000000008f4ad       0x84 ./Drivers/STM32F1xx_HAL_Driver/Src/stm32f1xx_hal_rcc_ex.o
                                      0x89a41 (size before relaxing)
 .debug_str     0x000000000008f531      0x513 ./Drivers/STM32F1xx_HAL_Driver/Src/stm32f1xx_hal_spi.o
                                      0x8a1ee (size before relaxing)
 .debug_str     0x000000000008fa44      0xc1b ./Drivers/STM32F1xx_HAL_Driver/Src/stm32f1xx_hal_tim.o
                                      0x8ace3 (size before relaxing)
 .debug_str     0x000000000009065f      0x3e1 ./Drivers/STM32F1xx_HAL_Driver/Src/stm32f1xx_hal_tim_ex.o
                                      0x8a4ff (size before relaxing)

.comment        0x0000000000000000       0x50
 .comment       0x0000000000000000       0x50 ./Core/Src/adc.o
                                         0x51 (size before relaxing)
 .comment       0x0000000000000050       0x51 ./Core/Src/can.o
 .comment       0x0000000000000050       0x51 ./Core/Src/current.o
 .comment       0x0000000000000050       0x51 ./Core/Src/dma.o
 .comment       0x0000000000000050       0x51 ./Core/Src/encoder.o
 .comment       0x0000000000000050       0x51 ./Core/Src/gpio.o
 .comment       0x0000000000000050       0x51 ./Core/Src/led.o
 .comment       0x0000000000000050       0x51 ./Core/Src/main.o
 .comment       0x0000000000000050       0x51 ./Core/Src/motor_control.o
 .comment       0x0000000000000050       0x51 ./Core/Src/spi.o
 .comment       0x0000000000000050       0x51 ./Core/Src/stm32f1xx_hal_msp.o
 .comment       0x0000000000000050       0x51 ./Core/Src/stm32f1xx_it.o
 .comment       0x0000000000000050       0x51 ./Core/Src/system_stm32f1xx.o
 .comment       0x0000000000000050       0x51 ./Core/Src/tim.o
 .comment       0x0000000000000050       0x51 ./Drivers/STM32F1xx_HAL_Driver/Src/stm32f1xx_hal.o
 .comment       0x0000000000000050       0x51 ./Drivers/STM32F1xx_HAL_Driver/Src/stm32f1xx_hal_adc.o
 .comment       0x0000000000000050       0x51 ./Drivers/STM32F1xx_HAL_Driver/Src/stm32f1xx_hal_can.o
 .comment       0x0000000000000050       0x51 ./Drivers/STM32F1xx_HAL_Driver/Src/stm32f1xx_hal_cortex.o
 .comment       0x0000000000000050       0x51 ./Drivers/STM32F1xx_HAL_Driver/Src/stm32f1xx_hal_dma.o
 .comment       0x0000000000000050       0x51 ./Drivers/STM32F1xx_HAL_Driver/Src/stm32f1xx_hal_gpio.o
 .comment       0x0000000000000050       0x51 ./Drivers/STM32F1xx_HAL_Driver/Src/stm32f1xx_hal_rcc.o
 .comment       0x0000000000000050       0x51 ./Drivers/STM32F1xx_HAL_Driver/Src/stm32f1xx_hal_rcc_ex.o
 .comment       0x0000000000000050       0x51 ./Drivers/STM32F1xx_HAL_Driver/Src/stm32f1xx_hal_spi.o
 .comment       0x0000000000000050       0x51 ./Drivers/STM32F1xx_HAL_Driver/Src/stm32f1xx_hal_tim.o
 .comment       0x0000000000000050       0x51 ./Drivers/STM32F1xx_HAL_Driver/Src/stm32f1xx_hal_tim_ex.o

.debug_frame    0x0000000000000000     0x4048
 .debug_frame   0x0000000000000000       0x7c ./Core/Src/adc.o
 .debug_frame   0x000000000000007c       0x74 ./Core/Src/can.o
 .debug_frame   0x00000000000000f0       0x6c ./Core/Src/current.o
 .debug_frame   0x000000000000015c       0x34 ./Core/Src/dma.o
 .debug_frame   0x0000000000000190       0x50 ./Core/Src/encoder.o
 .debug_frame   0x00000000000001e0       0x34 ./Core/Src/gpio.o
 .debug_frame   0x0000000000000214       0x5c ./Core/Src/led.o
 .debug_frame   0x0000000000000270       0x68 ./Core/Src/main.o
 .debug_frame   0x00000000000002d8       0x94 ./Core/Src/motor_control.o
 .debug_frame   0x000000000000036c       0xbc ./Core/Src/spi.o
 .debug_frame   0x0000000000000428       0x38 ./Core/Src/stm32f1xx_hal_msp.o
 .debug_frame   0x0000000000000460      0x174 ./Core/Src/stm32f1xx_it.o
 .debug_frame   0x00000000000005d4       0x58 ./Core/Src/system_stm32f1xx.o
 .debug_frame   0x000000000000062c      0x154 ./Core/Src/tim.o
 .debug_frame   0x0000000000000780      0x334 ./Drivers/STM32F1xx_HAL_Driver/Src/stm32f1xx_hal.o
 .debug_frame   0x0000000000000ab4      0x40c ./Drivers/STM32F1xx_HAL_Driver/Src/stm32f1xx_hal_adc.o
 .debug_frame   0x0000000000000ec0      0x5a0 ./Drivers/STM32F1xx_HAL_Driver/Src/stm32f1xx_hal_can.o
 .debug_frame   0x0000000000001460      0x428 ./Drivers/STM32F1xx_HAL_Driver/Src/stm32f1xx_hal_cortex.o
 .debug_frame   0x0000000000001888      0x208 ./Drivers/STM32F1xx_HAL_Driver/Src/stm32f1xx_hal_dma.o
 .debug_frame   0x0000000000001a90      0x14c ./Drivers/STM32F1xx_HAL_Driver/Src/stm32f1xx_hal_gpio.o
 .debug_frame   0x0000000000001bdc      0x218 ./Drivers/STM32F1xx_HAL_Driver/Src/stm32f1xx_hal_rcc.o
 .debug_frame   0x0000000000001df4       0x80 ./Drivers/STM32F1xx_HAL_Driver/Src/stm32f1xx_hal_rcc_ex.o
 .debug_frame   0x0000000000001e74      0x824 ./Drivers/STM32F1xx_HAL_Driver/Src/stm32f1xx_hal_spi.o
 .debug_frame   0x0000000000002698     0x11bc ./Drivers/STM32F1xx_HAL_Driver/Src/stm32f1xx_hal_tim.o
 .debug_frame   0x0000000000003854      0x638 ./Drivers/STM32F1xx_HAL_Driver/Src/stm32f1xx_hal_tim_ex.o
 .debug_frame   0x0000000000003e8c       0x2c c:/st/stm32cubeide_1.11.0/stm32cubeide/plugins/com.st.stm32cube.ide.mcu.externaltools.gnu-tools-for-stm32.10.3-2021.10.win32_1.0.200.202301161003/tools/bin/../lib/gcc/arm-none-eabi/10.3.1/../../../../arm-none-eabi/lib/thumb/v7-m/nofp\libc_nano.a(lib_a-init.o)
 .debug_frame   0x0000000000003eb8       0x20 c:/st/stm32cubeide_1.11.0/stm32cubeide/plugins/com.st.stm32cube.ide.mcu.externaltools.gnu-tools-for-stm32.10.3-2021.10.win32_1.0.200.202301161003/tools/bin/../lib/gcc/arm-none-eabi/10.3.1/../../../../arm-none-eabi/lib/thumb/v7-m/nofp\libc_nano.a(lib_a-memset.o)
 .debug_frame   0x0000000000003ed8       0x4c c:/st/stm32cubeide_1.11.0/stm32cubeide/plugins/com.st.stm32cube.ide.mcu.externaltools.gnu-tools-for-stm32.10.3-2021.10.win32_1.0.200.202301161003/tools/bin/../lib/gcc/arm-none-eabi/10.3.1/thumb/v7-m/nofp\libgcc.a(_arm_addsubsf3.o)
 .debug_frame   0x0000000000003f24       0x38 c:/st/stm32cubeide_1.11.0/stm32cubeide/plugins/com.st.stm32cube.ide.mcu.externaltools.gnu-tools-for-stm32.10.3-2021.10.win32_1.0.200.202301161003/tools/bin/../lib/gcc/arm-none-eabi/10.3.1/thumb/v7-m/nofp\libgcc.a(_arm_muldivsf3.o)
 .debug_frame   0x0000000000003f5c       0xc8 c:/st/stm32cubeide_1.11.0/stm32cubeide/plugins/com.st.stm32cube.ide.mcu.externaltools.gnu-tools-for-stm32.10.3-2021.10.win32_1.0.200.202301161003/tools/bin/../lib/gcc/arm-none-eabi/10.3.1/thumb/v7-m/nofp\libgcc.a(_arm_cmpsf2.o)
 .debug_frame   0x0000000000004024       0x24 c:/st/stm32cubeide_1.11.0/stm32cubeide/plugins/com.st.stm32cube.ide.mcu.externaltools.gnu-tools-for-stm32.10.3-2021.10.win32_1.0.200.202301161003/tools/bin/../lib/gcc/arm-none-eabi/10.3.1/thumb/v7-m/nofp\libgcc.a(_arm_fixsfsi.o)
