../Core/Src/motor_control.c:43:11:GetMode	4	static
../Core/Src/motor_control.c:46:6:StateReset	16	static
../Core/Src/motor_control.c:51:6:ChangeMode	16	static
../Core/Src/motor_control.c:74:6:DriverActivate	8	static
../Core/Src/motor_control.c:92:6:Activate	8	static
../Core/Src/motor_control.c:107:6:MotorControlUpdate	16	static
../Core/Src/motor_control.c:158:6:StopFromLimit	24	static
../Core/Src/motor_control.c:174:6:SetPWMAndDirection	16	static
../Core/Src/motor_control.c:195:5:GetCurrentDirection	4	static
